// Jest Snapshot v1, https://goo.gl/fbAQLP

exports[`UserProject renders to match snapshot passing correct props to children 1`] = `
<div>
  <div
    class="makeStyles-container-1"
  >
    <div
      class="MuiPaper-root MuiPaper-elevation MuiPaper-rounded MuiPaper-elevation1 ForwardRef(Accordion)-root-5 MuiAccordion-root MuiAccordion-rounded ForwardRef(Accordion)-expanded-6 Mui-expanded MuiAccordion-gutters css-16rgl2j-MuiPaper-root-MuiAccordion-root"
    >
      <div
        aria-expanded="true"
        class="MuiButtonBase-root ForwardRef(AccordionSummary)-root-7 MuiAccordionSummary-root ForwardRef(AccordionSummary)-expanded-9 Mui-expanded MuiAccordionSummary-gutters css-ezupba-MuiButtonBase-root-MuiAccordionSummary-root"
        role="button"
        tabindex="0"
      >
        <div
          class="ForwardRef(AccordionSummary)-content-10 MuiAccordionSummary-content ForwardRef(AccordionSummary)-expanded-9 Mui-expanded MuiAccordionSummary-contentGutters css-o4b71y-MuiAccordionSummary-content"
        >
          <h5
            class="MuiTypography-root MuiTypography-h5 makeStyles-heading-3 css-k8n68h-MuiTypography-root"
          >
            project name
          </h5>
        </div>
        <div
          class="MuiAccordionSummary-expandIconWrapper ForwardRef(AccordionSummary)-expanded-9 Mui-expanded css-yw020d-MuiAccordionSummary-expandIconWrapper"
        >
          <svg
            aria-hidden="true"
            class="MuiSvgIcon-root MuiSvgIcon-fontSizeMedium css-i4bv87-MuiSvgIcon-root"
            data-testid="ExpandMoreIcon"
            focusable="false"
            viewBox="0 0 24 24"
          >
            <path
              d="M16.59 8.59 12 13.17 7.41 8.59 6 10l6 6 6-6z"
            />
          </svg>
        </div>
      </div>
      <div
        class="MuiCollapse-root MuiCollapse-vertical MuiCollapse-entered css-pwcg7p-MuiCollapse-root"
        style="min-height: 0px;"
      >
        <div
          class="MuiCollapse-wrapper MuiCollapse-vertical css-smkl36-MuiCollapse-wrapper"
        >
          <div
            class="MuiCollapse-wrapperInner MuiCollapse-vertical css-9l5vo-MuiCollapse-wrapperInner"
          >
            <div
              class="MuiAccordion-region"
              role="region"
            >
              <div
                class="ForwardRef(AccordionDetails)-root-11 MuiAccordionDetails-root css-1l0wl9e-MuiAccordionDetails-root"
              >
                <div
                  class="makeStyles-resources-2"
                >
                  <div
                    class="makeStyles-projectRoles-4"
                  >
                    <p
                      class="MuiTypography-root MuiTypography-body1 css-12gb3o9-MuiTypography-root"
                      id="project-checkbox-undefined-proj-1234-projectAdmin"
                    >
                      Project admin
                    </p>
                    <span
                      aria-disabled="true"
                      aria-labelledby="project-checkbox-undefined-proj-1234-projectAdmin"
                      class="MuiCheckbox-root MuiCheckbox-colorPrimary MuiButtonBase-root Mui-disabled MuiCheckbox-root MuiCheckbox-colorPrimary PrivateSwitchBase-root Mui-checked Mui-disabled css-yql927-MuiButtonBase-root-MuiCheckbox-root"
                      tabindex="-1"
                    >
                      <input
                        checked=""
                        class="PrivateSwitchBase-input css-1m9pwf3"
                        data-indeterminate="false"
                        disabled=""
                        name="projectAdmin"
                        type="checkbox"
                      />
                      <svg
                        aria-hidden="true"
                        class="MuiSvgIcon-root MuiSvgIcon-fontSizeMedium css-i4bv87-MuiSvgIcon-root"
                        data-testid="CheckBoxIcon"
                        focusable="false"
                        viewBox="0 0 24 24"
                      >
                        <path
                          d="M19 3H5c-1.11 0-2 .9-2 2v14c0 1.1.89 2 2 2h14c1.11 0 2-.9 2-2V5c0-1.1-.89-2-2-2zm-9 14l-5-5 1.41-1.41L10 14.17l7.59-7.59L19 8l-9 9z"
                        />
                      </svg>
                    </span>
                    <p
                      class="MuiTypography-root MuiTypography-body1 css-12gb3o9-MuiTypography-root"
                      id="project-checkbox-undefined-proj-1234-projectUser"
                    >
                      Project user
                    </p>
                    <span
                      aria-disabled="true"
                      aria-labelledby="project-checkbox-undefined-proj-1234-projectUser"
                      class="MuiCheckbox-root MuiCheckbox-colorPrimary MuiButtonBase-root Mui-disabled MuiCheckbox-root MuiCheckbox-colorPrimary PrivateSwitchBase-root Mui-checked Mui-disabled css-yql927-MuiButtonBase-root-MuiCheckbox-root"
                      tabindex="-1"
                    >
                      <input
                        checked=""
                        class="PrivateSwitchBase-input css-1m9pwf3"
                        data-indeterminate="false"
                        disabled=""
                        name="projectUser"
                        type="checkbox"
                      />
                      <svg
                        aria-hidden="true"
                        class="MuiSvgIcon-root MuiSvgIcon-fontSizeMedium css-i4bv87-MuiSvgIcon-root"
                        data-testid="CheckBoxIcon"
                        focusable="false"
                        viewBox="0 0 24 24"
                      >
                        <path
                          d="M19 3H5c-1.11 0-2 .9-2 2v14c0 1.1.89 2 2 2h14c1.11 0 2-.9 2-2V5c0-1.1-.89-2-2-2zm-9 14l-5-5 1.41-1.41L10 14.17l7.59-7.59L19 8l-9 9z"
                        />
                      </svg>
                    </span>
                    <p
                      class="MuiTypography-root MuiTypography-body1 css-12gb3o9-MuiTypography-root"
                      id="project-checkbox-undefined-proj-1234-projectViewer"
                    >
                      Project viewer
                    </p>
                    <span
                      aria-disabled="true"
                      aria-labelledby="project-checkbox-undefined-proj-1234-projectViewer"
                      class="MuiCheckbox-root MuiCheckbox-colorPrimary MuiButtonBase-root Mui-disabled MuiCheckbox-root MuiCheckbox-colorPrimary PrivateSwitchBase-root Mui-checked Mui-disabled css-yql927-MuiButtonBase-root-MuiCheckbox-root"
                      tabindex="-1"
                    >
                      <input
                        checked=""
                        class="PrivateSwitchBase-input css-1m9pwf3"
                        data-indeterminate="false"
                        disabled=""
                        name="projectViewer"
                        type="checkbox"
                      />
                      <svg
                        aria-hidden="true"
                        class="MuiSvgIcon-root MuiSvgIcon-fontSizeMedium css-i4bv87-MuiSvgIcon-root"
                        data-testid="CheckBoxIcon"
                        focusable="false"
                        viewBox="0 0 24 24"
                      >
                        <path
                          d="M19 3H5c-1.11 0-2 .9-2 2v14c0 1.1.89 2 2 2h14c1.11 0 2-.9 2-2V5c0-1.1-.89-2-2-2zm-9 14l-5-5 1.41-1.41L10 14.17l7.59-7.59L19 8l-9 9z"
                        />
                      </svg>
                    </span>
                  </div>
                  PROJECTS_COMPONENT
                  SITES_COMPONENT
                  NOTEBOOKS_COMPONENT
                  DATASTORES_COMPONENT
                </div>
              </div>
            </div>
          </div>
        </div>
      </div>
    </div>
  </div>
</div>
`;
