// Jest Snapshot v1, https://goo.gl/fbAQLP

exports[`UserProject renders to match snapshot passing correct props to children 1`] = `
<div
  className="makeStyles-container-1"
>
  <WithStyles(WithStyles(ForwardRef(ExpansionPanel)))
    defaultExpanded={true}
  >
    <WithStyles(WithStyles(ForwardRef(ExpansionPanelSummary)))
      expandIcon={<Memo(ExpandMoreIcon) />}
    >
      <WithStyles(ForwardRef(Typography))
        className="makeStyles-heading-3"
        variant="h5"
      >
        project name
      </WithStyles(ForwardRef(Typography))>
    </WithStyles(WithStyles(ForwardRef(ExpansionPanelSummary)))>
    <WithStyles(WithStyles(ForwardRef(ExpansionPanelDetails)))>
      <div
        className="makeStyles-resources-2"
      >
        <div
          className="makeStyles-projectRoles-4"
        >
          <ProjectCheckbox
            checked={true}
            label="Project admin"
            name="projectAdmin"
          />
          <ProjectCheckbox
            checked={true}
            label="Project user"
            name="projectUser"
          />
          <ProjectCheckbox
            checked={true}
            label="Project viewer"
            name="projectViewer"
          />
        </div>
        <Component
          projects={
            Array [
              Object {
                "key": "proj-1234",
                "name": "project name",
              },
            ]
          }
        />
        <Component
          sites={
            Array [
              Object {
                "key": "proj-1234",
                "name": "site name",
                "type": "rshiny",
              },
            ]
          }
        />
        <Component
          notebooks={
            Array [
              Object {
                "key": "proj-1234",
                "name": "notebook name",
                "type": "jupyter",
              },
            ]
          }
        />
        <Component
          dataStores={
            Array [
              Object {
                "key": "proj-1234",
                "name": "storage name",
              },
            ]
          }
        />
      </div>
    </WithStyles(WithStyles(ForwardRef(ExpansionPanelDetails)))>
  </WithStyles(WithStyles(ForwardRef(ExpansionPanel)))>
</div>
`;
