// Jest Snapshot v1, https://goo.gl/fbAQLP

exports[`dataStorageService createDataStore should build the correct correct mutation and unpack the results 1`] = `
"
    CreateDataStore($dataStore:  DataStorageCreationRequest) {
      createDataStore(dataStore: $dataStore) {
        name
      }
    }"
`;

exports[`dataStorageService deleteDataStore should build the correct correct mutation and unpack the results 1`] = `
"
    DeleteDataStore($dataStore: DataStorageDeletionRequest) {
      deleteDataStore(dataStore: $dataStore) {
        name
      }
    }"
`;

exports[`dataStorageService loadDataStorage should build the correct query and unpack the results 1`] = `
"
      DataStorage {
        dataStorage {
          capacityTotal capacityUsed linkToStorage name storageType accessKey
        }
      }"
`;

exports[`dataStorageService loadDataStore should build the correct query and return the data store 1`] = `
"
      GetDataStore($dataStoreId: ID!) {
        dataStore(id: $dataStoreId) {
          capacityTotal capacityUsed linkToStorage name storageType
        }
      }"
`;
