// Jest Snapshot v1, https://goo.gl/fbAQLP

exports[`notebookService createNotebook should build the correct mutation and unpack the results 1`] = `
"
    CreateNotebook($notebook: NotebookCreationRequest) {
      createNotebook(notebook: $notebook) {
        name
      }
    }"
`;

exports[`notebookService deleteNotebook should build the correct mutation and unpack the results 1`] = `
"
    mutation DeleteNotebook($notebook: NotebookDeletionRequest) {
      deleteNotebook(notebook: $notebook) {
        name
      }
    }
  "
`;

exports[`notebookService getUrl should build the correct query and return the url 1`] = `
"
      GetUrl($id: ID!) {
        notebook(id: $id) {
          redirectUrl
        }
      }"
`;

exports[`notebookService loadNotebooks should build the correct query and unpack the results 1`] = `
"
      Notebooks {
        notebooks {
          id, displayName, type
        }
      }"
`;
