// Jest Snapshot v1, https://goo.gl/fbAQLP

exports[`AdminMessage renders correctly 1`] = `
<div>
  <div
    class="MuiGrid-root MuiGrid-container MuiGrid-spacing-xs-2 AdminMessage-grid-1 css-13r9tes-MuiGrid-root"
  >
    <div
      class="MuiGrid-root MuiGrid-item MuiGrid-grid-xs-10 css-17p3wh3-MuiGrid-root"
    >
      <div>
        some message
      </div>
    </div>
    <div
      class="MuiGrid-root MuiGrid-item MuiGrid-grid-xs-2 css-1o7apob-MuiGrid-root"
    >
      <div
        class="AdminMessage-buttonContainer-3"
      >
        <button
          class="MuiButtonBase-root MuiButton-root MuiButton-outlined MuiButton-outlinedPrimary MuiButton-sizeMedium MuiButton-outlinedSizeMedium MuiButton-root MuiButton-outlined MuiButton-outlinedPrimary MuiButton-sizeMedium MuiButton-outlinedSizeMedium css-o0h1hg-MuiButtonBase-root-MuiButton-root"
          tabindex="0"
          type="button"
        >
          Preview
          <span
            class="MuiTouchRipple-root css-8je8zh-MuiTouchRipple-root"
          />
        </button>
        <button
          class="MuiButtonBase-root MuiButton-root MuiButton-outlined MuiButton-outlinedPrimary MuiButton-sizeMedium MuiButton-outlinedSizeMedium MuiButton-root MuiButton-outlined MuiButton-outlinedPrimary MuiButton-sizeMedium MuiButton-outlinedSizeMedium css-o0h1hg-MuiButtonBase-root-MuiButton-root"
          tabindex="0"
          type="button"
        >
          Delete
          <span
            class="MuiTouchRipple-root css-8je8zh-MuiTouchRipple-root"
          />
        </button>
      </div>
    </div>
    <div
      class="MuiGrid-root MuiGrid-item MuiGrid-grid-xs-12 css-1idn90j-MuiGrid-root"
    >
      <div
        class="AdminMessage-date-2"
      >
        Expires: Sat, 25 Dec 2021 00:00:00 GMT
      </div>
    </div>
    <div
      class="MuiGrid-root MuiGrid-item MuiGrid-grid-xs-12 css-1idn90j-MuiGrid-root"
      hidden=""
      id="messagePreview"
    >
      Message: {"message":"some message","id":"1234","expiry":"2021/12/25","created":"2021/10/31"}, AllowDismiss: false
    </div>
  </div>
</div>
`;
