// Jest Snapshot v1, https://goo.gl/fbAQLP

exports[`DescribeElementCardBody renders correct snapshot 1`] = `
<withStyles(CardContent)
  className="DescribeElementCardBody-cardContent-1"
>
  <withStyles(Typography)
    className="DescribeElementCardBody-bodyText-2"
    type="body1"
  >
    expectedContent
  </withStyles(Typography)>
</withStyles(CardContent)>
`;

exports[`DescribeElementCardBody renders correct snapshot with switches 1`] = `
<withStyles(CardMedia)
  className="DescribeElementCardBody-cardImage-4"
  image="moreContent"
/>
`;
