// Jest Snapshot v1, https://goo.gl/fbAQLP

exports[`DescribeDatalabs renders correct snapshot 1`] = `
<div>
  <withStyles(DescribeElement)
    descriptions={
      Array [
        Object {
          "content": "A Data Lab gives you a secure area to collaborate with your colleagues around the world. You can easily create shared drives to store your experimental data and shared notebooks to run your analysis.",
          "icon": "people",
          "title": "Collaborate with Colleagues",
        },
        Object {
          "content": "DataLabs make it easy to access and analyse your data, whether it is data you bring into the lab or available for access via protocols like OpenDAP.",
          "icon": "storage",
          "title": "Access Data",
        },
        Object {
          "content": "DataLabs comes with Spark and Dask built in, allowing you to wrap your existing R, Python or Java code in simple statements to parallalise your run, speeding up the computation time and making working with Big Data easy.",
          "icon": "desktop_windows",
          "title": "Simple Access to Parallel Compute",
        },
        Object {
          "content": "You can quickly set up an RShiny server inside your data lab to expose your results in a friendly, easy to use web page. This lets you publish the data to a wider audience, and allows less technical users to interact with your results through a simple interface that you control.",
          "icon": "public",
          "title": "Publish Results",
        },
        Object {
          "content": "Our projects are Open Source, allowing community driven development and support of our tools. This increases the speed of development and lowers costs.",
          "icon": "lock_open",
          "title": "Open Source",
        },
        Object {
          "content": "Sign up now to start creating your Data Lab for your team. Already available: Jupyter Notebooks, Zeppelin Notebooks, RStudio and RShiny with more tools coming soon!",
          "icon": "play_arrow",
          "title": "Get Started Quickly",
        },
      ]
    }
    title="How DataLabs can enhance your research"
  />
  <withStyles(DescribeElement)
    descriptions={
      Array [
        Object {
          "content": "I wanted to run my R model on the highest resolution UK land cover map, but my local workstation did not have enough memory. By creating a Data Lab, I was able to upload the land cover map and my R model into a Zeppelin notebook. The Data Lab Spark instance was able to run my model on the high resolution map, giving me results that I could not get before.",
          "icon": "comment",
          "title": "Pete Henrys",
        },
        Object {
          "content": "After uploading my bio-diversity model into a Jupyter Notebook I was able to run it against the parallel compute facilities in the Data Lab to get results in a couple of hours. This was so much easier than using traditional parallel compute environments, where your model has to be re-written to fit the environment.",
          "icon": "comment",
          "title": "Tom August",
        },
        Object {
          "content": "RShiny is a great way of letting the public access our Change Point analysis. With Data Labs, setting up the web server and getting a URL was easy!",
          "icon": "comment",
          "title": "David Ciar",
        },
      ]
    }
    invert={true}
    quote={true}
    title="Sucess stories"
  />
  <withStyles(DescribeElement)
    descriptions={
      Array [
        Object {
          "content": "slack-hori.png",
          "links": Array [
            Object {
              "displayName": "Slack",
              "href": "http://slack.com/",
            },
          ],
          "title": "Join Us on Slack",
        },
        Object {
          "content": "github-hori.png",
          "links": Array [
            Object {
              "displayName": "GitHub",
              "href": "https://github.com/orgs/NERC-CEH/teams/nerc-data-lab/repositories",
            },
            Object {
              "displayName": "Docker Hub",
              "href": "https://hub.docker.com/u/nerc/",
            },
          ],
          "title": "Contribute to Our Projects",
        },
        Object {
          "content": "discourse-hori.png",
          "links": Array [
            Object {
              "displayName": "Discourse",
              "href": "https://www.discourse.org/",
            },
          ],
          "title": "Join Our Discourse Forum",
        },
      ]
    }
    media={true}
    title="How you can join the DataLabs community"
  />
</div>
`;
