// Jest Snapshot v1, https://goo.gl/fbAQLP

exports[`DescribeElement renders correct snapshot 1`] = `
<DescribeElement
  classes={
    Object {
      "title": "DescribeElement-title-1",
    }
  }
  description="expectedDescription"
  iconName="bug"
  secondColor="teal"
  title="expectedTitle"
/>
`;
