// Jest Snapshot v1, https://goo.gl/fbAQLP

exports[`DescribeElementCardLinks renders correct snapshot 1`] = `
<withStyles(CardActions)>
  <Link
    displayName="displayName"
    href="address"
  />
  <Link
    displayName="anotherDisplayName"
    href="anotherAddress"
  />
</withStyles(CardActions)>
`;
