// Jest Snapshot v1, https://goo.gl/fbAQLP

exports[`DescribeElementCardBody renders correct snapshot 1`] = `
<WithStyles(CardContent)
  className="DescribeElementCardBody-cardContent-1"
>
  <WithStyles(Typography)
    className="DescribeElementCardBody-bodyText-2"
    variant="body2"
  >
    expectedContent
  </WithStyles(Typography)>
</WithStyles(CardContent)>
`;

exports[`DescribeElementCardBody renders correct snapshot with switches 1`] = `
<WithStyles(CardMedia)
  className="DescribeElementCardBody-cardImage-4"
  image="moreContent"
  key="card-body"
/>
`;
