// Jest Snapshot v1, https://goo.gl/fbAQLP

exports[`HeroBar renders correct snapshot 1`] = `
<div
  className="HeroBar-bar-1"
>
  <img
    alt="DataLabs-Logo"
    className="HeroBar-logo-2"
    src="datalabs-vert.png"
  />
  <WithStyles(ForwardRef(Typography))
    className="HeroBar-tagLine-3"
    variant="h6"
  >
    DataLabs provides you with tools to power your research and share the results
  </WithStyles(ForwardRef(Typography))>
  <WithStyles(ForwardRef(Button))
    className="HeroBar-button-4"
    color="primary"
    onClick={[MockFunction]}
  >
    Sign Up
  </WithStyles(ForwardRef(Button))>
  <WithStyles(ForwardRef(Button))
    className="HeroBar-button-4"
    color="primary"
    onClick={[MockFunction]}
  >
     Log In
  </WithStyles(ForwardRef(Button))>
</div>
`;
