// Jest Snapshot v1, https://goo.gl/fbAQLP

exports[`HeroBar renders correct snapshot 1`] = `
<Container
  style={
    Object {
      "minHeight": "350px",
    }
  }
  text={true}
>
  <Header
    as="h1"
    inverted={true}
    style={
      Object {
        "paddingTop": "120px",
      }
    }
  >
    Welcome to DataLabs
  </Header>
  <Button
    animated={true}
    as="button"
    onClick={[Function]}
    primary={true}
  >
    <ButtonContent
      visible={true}
    >
      Get Started!
    </ButtonContent>
    <ButtonContent
      hidden={true}
    >
      <Icon
        as="i"
        name="arrow right"
      />
      Login
    </ButtonContent>
  </Button>
</Container>
`;
