// Jest Snapshot v1, https://goo.gl/fbAQLP

exports[`NavBar renders correct snapshot 1`] = `
<WithStyles(AppBar)
  position="fixed"
>
  <WithStyles(Toolbar)>
    <img
      alt="DataLabs-Logo"
      className="PublicNavBarContent-logo-1"
      src="datalabs-hori.png"
    />
    <div
      className="PublicNavBarContent-spacer-2"
    />
    <WithStyles(NavBarLinkButton)
      key="Slack"
      onClick={[Function]}
    >
      Slack
    </WithStyles(NavBarLinkButton)>
    <WithStyles(NavBarLinkButton)
      key="Discourse"
      onClick={[Function]}
    >
      Discourse
    </WithStyles(NavBarLinkButton)>
    <WithStyles(NavBarLinkButton)
      key="GitHub"
      onClick={[Function]}
    >
      GitHub
    </WithStyles(NavBarLinkButton)>
    <WithStyles(NavBarLinkButton)
      key="Docker Hub"
      onClick={[Function]}
    >
      Docker Hub
    </WithStyles(NavBarLinkButton)>
    <WithStyles(Button)
      color="primary"
      onClick={[Function]}
      variant="contained"
    >
      Log In
    </WithStyles(Button)>
  </WithStyles(Toolbar)>
</WithStyles(AppBar)>
`;
