// Jest Snapshot v1, https://goo.gl/fbAQLP

exports[`LoadDataStorage Modal Wrapper is a container which creates correct snapshot 1`] = `
<Dialog
  dataStorageOptions={
    Array [
      Object {
        "text": "First Data Store",
        "value": "alpha",
      },
      Object {
        "text": "Second Data Store",
        "value": "beta",
      },
    ]
  }
  onCancel={[MockFunction]}
  onSubmit={[MockFunction]}
  title="Title"
/>
`;
