// Jest Snapshot v1, https://goo.gl/fbAQLP

exports[`CreateDataStoreDialog dialog creates correct snapshot 1`] = `
<div
  class="MuiPaper-root MuiDialog-paper MuiDialog-paperScrollPaper MuiDialog-paperWidthMd MuiPaper-elevation24 MuiPaper-rounded"
  role="dialog"
>
  <div
    style="margin: 10px; display: flex; flex-direction: row;"
  >
    <div>
      <div
        class="MuiDialogTitle-root"
      >
        <h2
          class="MuiTypography-root MuiTypography-h6"
        >
          Title
        </h2>
      </div>
      <div
        class="MuiDialogContent-root"
      >
        <div>
          CreateDataStoreForm mock 
          {"projectKey":"test-proj","initialValues":{"type":"NFS"}}
        </div>
      </div>
    </div>
    <div
      style="width: 320px;"
    >
      <div
        class="MuiDialogTitle-root"
      >
        <h2
          class="MuiTypography-root MuiTypography-h6"
        >
          Data Store Preview
        </h2>
      </div>
      <div
        style="width: 90%; margin: 0px auto;"
      >
        <div>
          PreviewDataStoreCard mock
        </div>
      </div>
    </div>
  </div>
</div>
`;
