// Jest Snapshot v1, https://goo.gl/fbAQLP

exports[`Notebook dialog creates correct snapshot 1`] = `
<WithStyles(ForwardRef(Dialog))
  maxWidth="md"
  open={true}
>
  <div
    className="CreateNotebookDialog-dialogDiv-1"
  >
    <WithStyles(ForwardRef(DialogTitle))>
      Title
    </WithStyles(ForwardRef(DialogTitle))>
    <WithStyles(ForwardRef(DialogContent))>
      <ReduxForm
        asyncBlurFields={
          Array [
            "name",
          ]
        }
        asyncValidate={[Function]}
        cancel={[MockFunction]}
        dataStorageOptions={
          Array [
            Object {
              "value": "value",
            },
            Object {
              "value": "another value",
            },
          ]
        }
        destroyOnUnmount={false}
        enableReinitialize={false}
        forceUnregisterOnUnmount={false}
        form="createNotebook"
        getFormState={[Function]}
        keepDirtyOnReinitialize={false}
        onSubmit={[MockFunction]}
        persistentSubmitErrors={false}
        pure={true}
        shouldAsyncValidate={[Function]}
        shouldError={[Function]}
        shouldValidate={[Function]}
        shouldWarn={[Function]}
        submitAsSideEffect={false}
        touchOnBlur={true}
        touchOnChange={false}
        updateUnregisteredFields={false}
        validate={[Function]}
      />
    </WithStyles(ForwardRef(DialogContent))>
  </div>
</WithStyles(ForwardRef(Dialog))>
`;
