// Jest Snapshot v1, https://goo.gl/fbAQLP

exports[`Notebook dialog creates correct snapshot 1`] = `
<div
  class="CreateNotebookDialog-dialogDiv-1"
>
  <div
    class="MuiDialogTitle-root"
  >
    <h2
      class="MuiTypography-root MuiTypography-h6"
    >
      Title
    </h2>
  </div>
  <div
    class="MuiDialogContent-root"
  >
    <div>
      CreateNotebookForm mock
      {"dataStorageOptions":[{"value":"value"},{"value":"another value"}],"typeOptions":[{"value":"jupyterLab","text":"JupyterLab"}],"versionOptions":[]}
      onSubmit result: submit called
      onCancel result: onCancel called
    </div>
  </div>
</div>
`;
