// Jest Snapshot v1, https://goo.gl/fbAQLP

exports[`EditSiteDialog renders correctly passing values to provided from component 1`] = `
<div
  class="MuiPaper-root MuiDialog-paper MuiDialog-paperScrollPaper MuiDialog-paperWidthMd MuiPaper-elevation24 MuiPaper-rounded"
  role="dialog"
>
  <div
    class="MuiDialogTitle-root"
  >
    <h2
      class="MuiTypography-root MuiTypography-h6"
    >
      Title
    </h2>
  </div>
  <div
    class="MuiDialogContent-root"
  >
    <div />
  </div>
</div>
`;
