// Jest Snapshot v1, https://goo.gl/fbAQLP

exports[`Robust Confirmation creates correct snapshot for confirmation dialog 1`] = `
<div
  aria-labelledby="mui-1"
  class="MuiPaper-root MuiPaper-elevation MuiPaper-rounded MuiPaper-elevation24 MuiDialog-paper MuiDialog-paperScrollPaper MuiDialog-paperWidthMd css-rx25b2-MuiPaper-root-MuiDialog-paper"
  role="dialog"
>
  <h2
    class="MuiTypography-root MuiTypography-h6 MuiDialogTitle-root css-xq3hxg-MuiTypography-root-MuiDialogTitle-root"
    id="mui-1"
  >
    Title
  </h2>
  <div
    class="MuiDialogContent-root css-ypiqx9-MuiDialogContent-root"
  >
    <p
      class="MuiDialogContentText-root MuiTypography-root MuiTypography-body1 css-1k6zr5f-MuiTypography-root-MuiDialogContentText-root"
    >
      Body
    </p>
    <form>
      <div
        class="MuiFormControl-root MuiFormControl-marginDense MuiFormControl-fullWidth MuiTextField-root css-1z10yd4-MuiFormControl-root-MuiTextField-root"
      >
        <label
          class="MuiInputLabel-root MuiInputLabel-formControl MuiInputLabel-animated MuiInputLabel-outlined MuiFormLabel-root MuiFormLabel-colorPrimary css-1icpd2s-MuiFormLabel-root-MuiInputLabel-root"
          data-shrink="false"
          for="name"
          id="name-label"
        >
          FieldLabel
        </label>
        <div
          class="MuiOutlinedInput-root MuiInputBase-root MuiInputBase-colorPrimary MuiInputBase-fullWidth MuiInputBase-formControl css-16ss1o8-MuiInputBase-root-MuiOutlinedInput-root"
        >
          <input
            aria-invalid="false"
            class="MuiOutlinedInput-input MuiInputBase-input css-1t8l2tu-MuiInputBase-input-MuiOutlinedInput-input"
            id="name"
            type="text"
            value=""
          />
          <fieldset
            aria-hidden="true"
            class="MuiOutlinedInput-notchedOutline css-1d3z3hw-MuiOutlinedInput-notchedOutline"
          >
            <legend
              class="css-173wfxe"
            >
              <span>
                FieldLabel
              </span>
            </legend>
          </fieldset>
        </div>
      </div>
    </form>
  </div>
  <div
    class="MuiDialogActions-root MuiDialogActions-spacing css-hlj6pa-MuiDialogActions-root"
  >
    <button
      class="MuiButton-root MuiButton-outlined MuiButton-outlinedPrimary MuiButton-sizeMedium MuiButton-outlinedSizeMedium MuiButtonBase-root Mui-disabled DangerButton-button-1 css-o0h1hg-MuiButtonBase-root-MuiButton-root"
      disabled=""
      tabindex="-1"
      type="button"
    >
      Delete
    </button>
    <button
      class="MuiButton-root MuiButton-outlined MuiButton-outlinedSecondary MuiButton-sizeMedium MuiButton-outlinedSizeMedium MuiButtonBase-root  css-4eo762-MuiButtonBase-root-MuiButton-root"
      tabindex="0"
      type="button"
    >
      Cancel
      <span
        class="MuiTouchRipple-root css-8je8zh-MuiTouchRipple-root"
      />
    </button>
  </div>
</div>
`;
