// Jest Snapshot v1, https://goo.gl/fbAQLP

exports[`AddAssetsToNotebookPage renders correctly 1`] = `
<div>
  <div
    class="Page-pageTemplate-1"
  >
    <h4
      class="MuiTypography-root MuiTypography-h4 Page-title-3 css-1yqx3hy-MuiTypography-root"
    >
      Add Assets to Notebook
    </h4>
    <div
      class="Page-contentArea-2"
    >
      <div>
        AddAssetsToNotebookContainer: {"userPermissions":["expectedPermission"]}
      </div>
    </div>
    <div>
      <hr
        class="MuiDivider-root MuiDivider-fullWidth Footer-divider-4 css-9mgopn-MuiDivider-root"
      />
      <p
        class="MuiTypography-root MuiTypography-body2 Footer-versionText-5 css-1o1pkbg-MuiTypography-root"
      >
        Version: undefined
      </p>
    </div>
  </div>
</div>
`;
