// Jest Snapshot v1, https://goo.gl/fbAQLP

exports[`DaskPage Create Dask Cluster Button calls to open create cluster modal dialog with correct props 1`] = `
Array [
  "MODAL_TYPE_CREATE_CLUSTER",
  Object {
    "clusterMaxWorkers": Object {
      "default": 4,
      "lowerLimit": 1,
      "upperLimit": 8,
    },
    "dataStorageOptions": Array [
      Object {
        "text": undefined,
        "value": "test-store",
      },
    ],
    "onCancel": [Function],
    "onSubmit": [Function],
    "title": "Create Dask Cluster",
    "workerMaxCpu": Object {
      "default": 0.5,
      "lowerLimit": 0.5,
      "upperLimit": 2,
    },
    "workerMaxMemory": Object {
      "default": 4,
      "lowerLimit": 0.5,
      "upperLimit": 8,
    },
  },
]
`;

exports[`DaskPage renders correct snapshot 1`] = `
<WithStyles(Page)
  title="Dask"
>
  <WithStyles(ForwardRef(Typography))
    variant="body1"
  >
    Dask is a flexible parallel computing library for analytic computing.
  </WithStyles(ForwardRef(Typography))>
  <WithStyles(ForwardRef(Typography))
    variant="body1"
  >
    DataLabs supports usage of 
    <a
      href="https://kubernetes.dask.org/en/latest/"
    >
      Dask-Kubernetes
    </a>
     which allows workers to be scheduled across the cluster. This is tightly integrated with Jupyter.
  </WithStyles(ForwardRef(Typography))>
  <PagePrimaryActionButton
    className="makeStyles-createButton-1"
    onClick={[Function]}
  >
    Create Dask Cluster
  </PagePrimaryActionButton>
</WithStyles(Page)>
`;
