// Jest Snapshot v1, https://goo.gl/fbAQLP

exports[`DaskPage renders correct snapshot 1`] = `
<WithStyles(Page)
  title="Dask"
>
  <WithStyles(ForwardRef(Typography))
    variant="body1"
  >
    Dask is a flexible parallel computing library for analytic computing.
  </WithStyles(ForwardRef(Typography))>
  <WithStyles(ForwardRef(Button))
    color="primary"
    onClick={[Function]}
    style={
      Object {
        "marginTop": 10,
      }
    }
    variant="outlined"
  >
    Dask Status
  </WithStyles(ForwardRef(Button))>
</WithStyles(Page)>
`;
