// Jest Snapshot v1, https://goo.gl/fbAQLP

exports[`DaskPage renders correct snapshot 1`] = `
<WithStyles(Page)
  title="Dask"
>
  <WithStyles(ForwardRef(Typography))
    variant="body1"
  >
    <ExternalLink
      href="https://dask.org/"
    >
      Dask
    </ExternalLink>
     is a flexible parallel computing library for analytic computing in Python. DataLabs allows users to create Dask clusters for use within projects. These clusters can be utilised from notebooks using the 
    <ExternalLink
      href="https://kubernetes.dask.org/en/latest/"
    >
      Dask Kubernetes
    </ExternalLink>
     package when configured to use the specified scheduler address for the cluster. Dask can only be used with Python.
  </WithStyles(ForwardRef(Typography))>
  <ClustersContainer
    className="makeStyles-clusterList-1"
    clusterType="DASK"
  />
</WithStyles(Page)>
`;
