// Jest Snapshot v1, https://goo.gl/fbAQLP

exports[`SettingsPage renders to match snapshot 1`] = `
<Page
  classes={
    Object {
      "contentArea": "Page-contentArea-2",
      "pageTemplate": "Page-pageTemplate-1",
    }
  }
  title="Settings"
>
  <WithStyles(ForwardRef(Typography))
    variant="h5"
  >
    Project Details
  </WithStyles(ForwardRef(Typography))>
  <EditProjectDetails />
  <WithStyles(ForwardRef(Typography))
    variant="h5"
  >
    User Permissions
  </WithStyles(ForwardRef(Typography))>
  <WithStyles(AddUserPermission) />
  <WithStyles(UserPermissionsTable) />
</Page>
`;
