// Jest Snapshot v1, https://goo.gl/fbAQLP

exports[`SparkPage renders correct snapshot 1`] = `
<WithStyles(Page)
  title="Spark"
>
  <WithStyles(ForwardRef(Typography))
    variant="body1"
  >
    Apache Spark is an open-source cluster-computing framework.
  </WithStyles(ForwardRef(Typography))>
</WithStyles(Page)>
`;
