// Jest Snapshot v1, https://goo.gl/fbAQLP

exports[`ProjectsContainer is a connected component which binds correct actions 1`] = `
Array [
  "loadProjects",
  "setCurrentProject",
  "createProject",
  "checkProjectKeyUniqueness",
  "openModalDialog",
  "closeModalDialog",
]
`;

exports[`ProjectsContainer is a container which passes correct props to StackCard 1`] = `
<PromisedContentWrapper
  promise={
    Object {
      "fetching": false,
      "value": Array [
        Object {
          "accessible": true,
          "description": "A project description",
          "id": 123,
          "key": "project2",
          "name": "A project name",
        },
      ],
    }
  }
>
  <div>
    <div
      className="controlContainer"
    >
      <WithStyles(ForwardRef(TextField))
        InputProps={
          Object {
            "disableUnderline": true,
            "style": Object {
              "backgroundColor": "rgba(47, 62, 70, 0.2)",
              "borderRadius": 5,
            },
          }
        }
        autoFocus={true}
        className="searchTextField"
        hiddenLabel={true}
        id="search"
        margin="dense"
        onChange={[Function]}
        placeholder="Filter projects..."
        type="search"
        value=""
        variant="filled"
      />
    </div>
    <WithStyles(StackCards)
      createPermission="system:instance:admin"
      deletePermission=""
      deleteStack={[Function]}
      editPermission=""
      openCreationForm={[Function]}
      openPermission="project.open"
      openStack={[Function]}
      stacks={
        Array [
          Object {
            "accessible": true,
            "description": "A project description",
            "displayName": "A project name",
            "id": 123,
            "key": "project2",
            "status": "ready",
            "type": "project",
          },
        ]
      }
      typeName="Project"
      typeNamePlural="Projects"
      userPermissions={[Function]}
    />
  </div>
</PromisedContentWrapper>
`;
