// Jest Snapshot v1, https://goo.gl/fbAQLP

exports[`ProjectsContainer has methods confirmDeleteProject opens deletion dialog with the correct call 1`] = `
Array [
  "MODAL_TYPE_ROBUST_CONFIRMATION",
  Object {
    "body": "Are you sure you want to delete the Project \\"Test Project (testproj)\\"?
      This action will destroy all data related to the Project and can not be undone.",
    "confirmField": Object {
      "expectedValue": "testproj",
      "label": "Please type \\"testproj\\" to confirm",
    },
    "onCancel": [MockFunction closeModalDialog],
    "onSubmit": [Function],
    "title": "Delete Project \\"Test Project (testproj)\\"",
  },
]
`;

exports[`ProjectsContainer is a connected component which binds correct actions 1`] = `
Array [
  "loadProjects",
  "setCurrentProject",
  "createProject",
  "deleteProject",
  "checkProjectKeyUniqueness",
  "openModalDialog",
  "closeModalDialog",
  "resetForm",
]
`;

exports[`ProjectsContainer is a container which passes correct props to StackCard 1`] = `
<div>
  <div
    className="controlContainer"
  >
    <WithStyles(ForwardRef(TextField))
      InputProps={
        Object {
          "disableUnderline": true,
          "style": Object {
            "backgroundColor": "rgba(47, 62, 70, 0.2)",
            "borderRadius": 5,
          },
        }
      }
      autoFocus={true}
      className="searchTextField"
      hiddenLabel={true}
      id="search"
      margin="dense"
      onChange={[Function]}
      placeholder="Filter projects..."
      type="search"
      value=""
      variant="filled"
    />
  </div>
  <WithStyles(StackCards)
    createPermission="system:instance:admin"
    deletePermission=""
    deleteStack={[Function]}
    editPermission=""
    openCreationForm={[Function]}
    openPermission="project.open"
    openStack={[Function]}
    stacks={
      Object {
        "fetching": false,
        "value": Array [
          Object {
            "accessible": true,
            "description": "A project description",
            "displayName": "A project name",
            "id": 123,
            "key": "project2",
            "status": "ready",
            "type": "project",
          },
        ],
      }
    }
    typeName="Project"
    typeNamePlural="Projects"
    userPermissions={[Function]}
  />
</div>
`;
