// Jest Snapshot v1, https://goo.gl/fbAQLP

exports[`DaskPage renders correct snapshot 1`] = `
<WithStyles(Segment)>
  <WithStyles(Typography)
    gutterBottom={true}
    type="display1"
  >
    Dask
  </WithStyles(Typography)>
  <p>
    Dask is a flexible parallel computing library for analytic computing.
  </p>
  <WithStyles(Button)
    color="primary"
    onClick={[Function]}
    raised={true}
  >
    Dask Status
  </WithStyles(Button)>
</WithStyles(Segment)>
`;
