// Jest Snapshot v1, https://goo.gl/fbAQLP

exports[`DataStorageTablePage renders correct snapshot 1`] = `
<withStyles(Segment)>
  <withStyles(Typography)
    gutterBottom={true}
    type="display1"
  >
    Current Storage Volumes
  </withStyles(Typography)>
  <Connect(DataStorageTableContainer) />
</withStyles(Segment)>
`;
