// Jest Snapshot v1, https://goo.gl/fbAQLP

exports[`DataStoragePage renders correct snapshot 1`] = `
<WithStyles(Segment)>
  <WithStyles(ForwardRef(Typography))
    gutterBottom={true}
    variant="h4"
  >
    Current Storage Volumes
  </WithStyles(ForwardRef(Typography))>
  <Connect(DataStorageContainer)
    userPermissions={
      Array [
        "expectedPermission",
      ]
    }
  />
</WithStyles(Segment)>
`;
