// Jest Snapshot v1, https://goo.gl/fbAQLP

exports[`NotebooksPage renders correct snapshot 1`] = `
<WithStyles(Segment)>
  <WithStyles(Typography)
    gutterBottom={true}
    type="display1"
  >
    Current Notebooks
  </WithStyles(Typography)>
  <NotebooksContainer
    userPermissions={
      Array [
        "expectedPermission",
      ]
    }
  />
</WithStyles(Segment)>
`;
