// Jest Snapshot v1, https://goo.gl/fbAQLP

exports[`PublishingPage renders correct snapshot 1`] = `
<withStyles(Segment)>
  <withStyles(Typography)
    gutterBottom={true}
    type="display1"
  >
    Published Sites
  </withStyles(Typography)>
  <SitesContainer
    userPermissions={
      Array [
        "expectedPermission",
      ]
    }
  />
</withStyles(Segment)>
`;
