// Jest Snapshot v1, https://goo.gl/fbAQLP

exports[`SparkPage renders correct snapshot 1`] = `
<WithStyles(Segment)>
  <WithStyles(Typography)
    gutterBottom={true}
    variant="h4"
  >
    Spark
  </WithStyles(Typography)>
  <p>
    Apache Spark is an open-source cluster-computing framework.
  </p>
</WithStyles(Segment)>
`;
