// Jest Snapshot v1, https://goo.gl/fbAQLP

exports[`New Stack Button creates correct snapshot 1`] = `
<WithStyles(Card)
  className="NewStackButton-card-1"
  elevation={0}
>
  <div
    className="NewStackButton-buttonContainer-2"
  >
    <WithStyles(Tooltip)
      title="Create Stack"
    >
      <WithStyles(Fab)
        aria-label="add"
        className="NewStackButton-button-3"
        color="primary"
        onClick={[Function]}
      >
        <WithStyles(Icon)
          className="NewStackButton-icon-4"
        >
          add
        </WithStyles(Icon)>
      </WithStyles(Fab)>
    </WithStyles(Tooltip)>
  </div>
</WithStyles(Card)>
`;
