// Jest Snapshot v1, https://goo.gl/fbAQLP

exports[`EditProjectDetails renders to match snapshot 1`] = `
<div>
  <form
    class="form"
  >
    Field Mock: 
    {"className":"input","margin":"dense","InputLabelProps":{"shrink":true},"name":"name","label":"Name","placeholder":"test-project"}
    Field Mock: 
    {"className":"input","margin":"dense","InputLabelProps":{"shrink":true},"name":"description","label":"Description","placeholder":"description"}
    Field Mock: 
    {"className":"input","margin":"dense","InputLabelProps":{"shrink":true},"name":"collaborationLink","label":"Collaboration Link","placeholder":"example.com"}
    UpdateFormControls Mock 
    {}
  </form>
</div>
`;
