// Jest Snapshot v1, https://goo.gl/fbAQLP

exports[`DescribeElementCardLinks renders correct snapshot 1`] = `
<div>
  <div
    class="MuiCardActions-root MuiCardActions-spacing css-1t6e9jv-MuiCardActions-root"
  >
    <button
      class="MuiButtonBase-root MuiButton-root MuiButton-text MuiButton-textPrimary MuiButton-sizeMedium MuiButton-textSizeMedium MuiButton-root MuiButton-text MuiButton-textPrimary MuiButton-sizeMedium MuiButton-textSizeMedium css-4dagr2-MuiButtonBase-root-MuiButton-root"
      style="font-size: larger;"
      tabindex="0"
      type="button"
    >
      displayName &gt;
      <span
        class="MuiTouchRipple-root css-8je8zh-MuiTouchRipple-root"
      />
    </button>
    <button
      class="MuiButtonBase-root MuiButton-root MuiButton-text MuiButton-textPrimary MuiButton-sizeMedium MuiButton-textSizeMedium MuiButton-root MuiButton-text MuiButton-textPrimary MuiButton-sizeMedium MuiButton-textSizeMedium css-4dagr2-MuiButtonBase-root-MuiButton-root"
      style="font-size: larger;"
      tabindex="0"
      type="button"
    >
      anotherDisplayName &gt;
      <span
        class="MuiTouchRipple-root css-8je8zh-MuiTouchRipple-root"
      />
    </button>
  </div>
</div>
`;
