// Jest Snapshot v1, https://goo.gl/fbAQLP

exports[`Footer renders correct snapshot 1`] = `
<div>
  <div
    class="css-zixk78"
  >
    <div
      class="Footer-footer"
    >
      <div
        class="Footer-logoCopyRightContainer"
      >
        <img
          alt="DataLabs-Logo"
          class="Footer-logo"
          src="datalabs-mono.png"
        />
        <span
          class="MuiTypography-root MuiTypography-caption css-1sn4lm3-MuiTypography-root"
        >
          © Copyright NERC 2017—2022
        </span>
      </div>
      <p
        class="MuiTypography-root MuiTypography-body2 css-1o1pkbg-MuiTypography-root"
      >
        Version: jest test 1.23456
      </p>
    </div>
  </div>
</div>
`;
