// Jest Snapshot v1, https://goo.gl/fbAQLP

exports[`Footer renders correct snapshot 1`] = `
<div
  className="Footer-footer-1"
>
  <img
    alt="DataLabs-Logo"
    className="Footer-logo-3"
    src="datalabs-mono.png"
  />
  <WithStyles(ForwardRef(Typography))
    gutterBottom={true}
    variant="caption"
  >
    © Copyright NERC 2017
  </WithStyles(ForwardRef(Typography))>
  <WithStyles(ForwardRef(Typography))
    variant="body2"
  >
    Version: pre-release
  </WithStyles(ForwardRef(Typography))>
</div>
`;
