// Jest Snapshot v1, https://goo.gl/fbAQLP

exports[`NavBar renders correct snapshot 1`] = `
<div>
  <div
    class="PublicNavBarContent-appBar-3"
  >
    <div
      class="PublicNavBarContent-toolBar-4"
    >
      <img
        alt="DataLabs-Logo"
        class="PublicNavBarContent-logo-1"
        src="datalabs-hori.png"
      />
      <div
        class="PublicNavBarContent-spacer-2"
      />
      <div
        class="PublicNavBarContent-buttons-5"
      >
        <li
          aria-disabled="false"
          class="MuiButtonBase-root MuiListItem-root TopBarButton-inactive-7 MuiListItem-gutters MuiListItem-button"
          role="button"
          tabindex="0"
        >
          Slack
          <span
            class="MuiTouchRipple-root"
          />
        </li>
        <li
          aria-disabled="false"
          class="MuiButtonBase-root MuiListItem-root TopBarButton-inactive-7 MuiListItem-gutters MuiListItem-button"
          role="button"
          tabindex="0"
        >
          GitHub
          <span
            class="MuiTouchRipple-root"
          />
        </li>
        <li
          aria-disabled="false"
          class="MuiButtonBase-root MuiListItem-root TopBarButton-inactive-7 MuiListItem-gutters MuiListItem-button"
          role="button"
          tabindex="0"
        >
          Docker Hub
          <span
            class="MuiTouchRipple-root"
          />
        </li>
      </div>
      <button
        class="MuiButtonBase-root MuiButton-root MuiButton-outlined PublicNavBarContent-login-6 MuiButton-outlinedPrimary"
        tabindex="0"
        type="button"
      >
        <span
          class="MuiButton-label"
        >
          Log In
        </span>
        <span
          class="MuiTouchRipple-root"
        />
      </button>
    </div>
  </div>
</div>
`;
