// Jest Snapshot v1, https://goo.gl/fbAQLP

exports[`NavBar renders correct snapshot 1`] = `
<div>
  <div
    class="PublicNavBarContent-appBar-3"
  >
    <div
      class="PublicNavBarContent-toolBar-4"
    >
      <img
        alt="DataLabs-Logo"
        class="PublicNavBarContent-logo-1"
        src="datalabs-hori.png"
      />
      <div
        class="PublicNavBarContent-spacer-2"
      />
      <div
        class="PublicNavBarContent-buttons-5"
      >
        <li
          class="MuiButtonBase-root MuiListItem-root MuiListItem-gutters MuiListItem-padding MuiListItem-button TopBarButton-inactive-7 css-1khrr4s-MuiButtonBase-root-MuiListItem-root"
          role="button"
          tabindex="0"
        >
          Slack
          <span
            class="MuiTouchRipple-root css-8je8zh-MuiTouchRipple-root"
          />
        </li>
        <li
          class="MuiButtonBase-root MuiListItem-root MuiListItem-gutters MuiListItem-padding MuiListItem-button TopBarButton-inactive-7 css-1khrr4s-MuiButtonBase-root-MuiListItem-root"
          role="button"
          tabindex="0"
        >
          GitHub
          <span
            class="MuiTouchRipple-root css-8je8zh-MuiTouchRipple-root"
          />
        </li>
        <li
          class="MuiButtonBase-root MuiListItem-root MuiListItem-gutters MuiListItem-padding MuiListItem-button TopBarButton-inactive-7 css-1khrr4s-MuiButtonBase-root-MuiListItem-root"
          role="button"
          tabindex="0"
        >
          Docker Hub
          <span
            class="MuiTouchRipple-root css-8je8zh-MuiTouchRipple-root"
          />
        </li>
      </div>
      <button
        class="MuiButton-root MuiButton-outlined MuiButton-outlinedPrimary MuiButton-sizeMedium MuiButton-outlinedSizeMedium MuiButtonBase-root PublicNavBarContent-login-6 css-o0h1hg-MuiButtonBase-root-MuiButton-root"
        tabindex="0"
        type="button"
      >
        Log In
        <span
          class="MuiTouchRipple-root css-8je8zh-MuiTouchRipple-root"
        />
      </button>
    </div>
  </div>
</div>
`;
