// Jest Snapshot v1, https://goo.gl/fbAQLP

exports[`SignUp renders correct snapshot 1`] = `
<div>
  <div
    class="makeStyles-container-1"
  >
    <img
      alt="DataLabs-Logo"
      class="makeStyles-logo-2"
      src="datalabs-vert.png"
    />
    <div
      class="makeStyles-textContainer-3"
    >
      <h5
        class="MuiTypography-root makeStyles-text-4 MuiTypography-h5"
      >
        Sign Up
      </h5>
      <p
        class="MuiTypography-root makeStyles-text-4 MuiTypography-body1"
      >
        In order to use DataLabs, please email
         
        <a
          class="makeStyles-link-7"
          href="mailto:test@test.com"
        >
          test@test.com
        </a>
         
        and request an account. Your account will be created using your email address.
      </p>
    </div>
    <div
      class="makeStyles-buttons-5"
    >
      <button
        class="MuiButtonBase-root MuiButton-root MuiButton-outlined makeStyles-button-6 MuiButton-outlinedPrimary"
        tabindex="0"
        type="button"
      >
        <span
          class="MuiButton-label"
        >
          Home
        </span>
        <span
          class="MuiTouchRipple-root"
        />
      </button>
      <a
        aria-disabled="false"
        class="MuiButtonBase-root MuiButton-root MuiButton-contained makeStyles-button-6 MuiButton-containedPrimary"
        href="mailto:test@test.com"
        tabindex="0"
      >
        <span
          class="MuiButton-label"
        >
          Email 
          test@test.com
        </span>
        <span
          class="MuiTouchRipple-root"
        />
      </a>
    </div>
  </div>
</div>
`;
