// Jest Snapshot v1, https://goo.gl/fbAQLP

exports[`createProjectComputeRBAC calls to create the correct RoleBinding in the project compute namespace 1`] = `
Array [
  Object {
    "metadata": Object {
      "name": "testproj-compute-submission-account-role-binding",
    },
    "roleRef": Object {
      "apiGroup": "rbac.authorization.k8s.io",
      "kind": "ClusterRole",
      "name": "compute-submission-role",
    },
    "subjects": Array [
      Object {
        "kind": "ServiceAccount",
        "name": "testproj-compute-submission-account",
        "namespace": "testproj",
      },
    ],
  },
  "testproj-compute",
]
`;
