// Jest Snapshot v1, https://goo.gl/fbAQLP

exports[`catalogue returns correct configuration 1`] = `
Object {
  "available": true,
  "storage": Object {
    "rootDirectory": "/central-asset-repository/nfs",
    "server": "192.168.3.16",
    "type": "nfs",
  },
  "url": "https://www.google.co.uk/",
}
`;
