// Jest Snapshot v1, https://goo.gl/fbAQLP

exports[`handleSharedChange handles Jupyter notebooks changing to private 1`] = `
"---
apiVersion: batch/v1
kind: Job
metadata:
  name: job-stackname
spec:
  ttlSecondsAfterFinished: 0
  template:
    spec:
      containers:
      - name: job-stackname
        image: busybox
        imagePullPolicy: IfNotPresent
        command: [\\"sh\\"]
        args: [\\"-c\\", \\"rm -f /mnt/persistentfs/notebooks/jupyterlab-stackname/.jupyter/runtime/jupyter_cookie_secret\\"]
        volumeMounts:
          - mountPath: /mnt/persistentfs
            name: persistentfsvol
      - name: kubectl-job
        image: bitnami/kubectl
        imagePullPolicy: IfNotPresent
        command: [\\"sh\\"]
        args: [\\"-c\\", \\"kubectl rollout restart deployment/jupyterlab-stackname\\"]
      volumes:
        - name: persistentfsvol
          persistentVolumeClaim:
            claimName: volume-claim
      restartPolicy: Never
    
"
`;
