// Jest Snapshot v1, https://goo.gl/fbAQLP

exports[`StatusTypes generates expected keys 1`] = `
Array [
  "requested",
  "creating",
  "ready",
  "suspended",
  "unavailable",
]
`;

exports[`StatusTypes generates expected types 1`] = `
Object {
  "creating": Object {
    "backgroundColor": "hsl(65, 70%, 80%)",
    "color": "hsl(65, 100%, 12%)",
    "description": "Resource is being created",
    "displayName": "Creating",
    "value": "creating",
  },
  "ready": Object {
    "backgroundColor": "hsl(120, 55%, 80%)",
    "color": "hsl(120, 90%, 12%)",
    "description": "Resource is ready for use",
    "displayName": "Ready",
    "value": "ready",
  },
  "requested": Object {
    "backgroundColor": "hsl(190, 55%, 85%)",
    "color": "hsl(190, 90%, 15%)",
    "description": "Resource has been requested",
    "displayName": "Requested",
    "value": "requested",
  },
  "suspended": Object {
    "backgroundColor": "hsl(190, 55%, 85%)",
    "color": "hsl(190, 90%, 15%)",
    "description": "Resource is suspended",
    "displayName": "Suspended",
    "value": "suspended",
  },
  "unavailable": Object {
    "backgroundColor": "hsl(355, 65%, 90%)",
    "color": "hsl(355, 100%, 22%)",
    "description": "Resource is currently unavailable",
    "displayName": "Unavailable",
    "value": "unavailable",
  },
}
`;

exports[`StatusTypes getStatusProps extracts status 1`] = `
Object {
  "backgroundColor": "hsl(120, 55%, 80%)",
  "color": "hsl(120, 90%, 12%)",
  "description": "Resource is ready for use",
  "displayName": "Ready",
  "value": "ready",
}
`;
