// Jest Snapshot v1, https://goo.gl/fbAQLP

exports[`ProjectTitleContainer is a connected component which binds correct actions 1`] = `
Array [
  "loadProjects",
  "setCurrentProject",
  "createProject",
  "deleteProject",
  "checkProjectKeyUniqueness",
]
`;

exports[`ProjectTitleContainer is a container which passes correct props 1`] = `
<PromisedContentWrapper
  promise={
    Object {
      "fetching": false,
      "value": Object {
        "id": "expectedId",
      },
    }
  }
>
  <span />
</PromisedContentWrapper>
`;
