// Jest Snapshot v1, https://goo.gl/fbAQLP

exports[`getOidcConfig returns cached value when configured to do so 1`] = `
Object {
  "issuer": "https://mjbr.eu.auth0.com/",
  "jwks_uri": "https://mjbr.eu.auth0.com/.well-known/jwks.json",
  "token_endpoint": "https://mjbr.eu.auth0.com/oauth/token",
}
`;

exports[`getOidcConfig returns config from environment to match snapshot when configuration endpoint requests fail 1`] = `
Object {
  "issuer": "https://mjbr.eu.auth0.com/",
  "jwks_uri": "https://mjbr.eu.auth0.com/.well-known/jwks.json",
  "token_endpoint": "https://mjbr.eu.auth0.com/oauth/token",
}
`;
