// Jest Snapshot v1, https://goo.gl/fbAQLP

exports[`CreateSiteForm creates correct snapshot for create Site Form 1`] = `
<form>
  <div>
    <Field
      component={[Function]}
      label="Display Name"
      name="displayName"
      placeholder="Display Name"
    />
  </div>
  <div>
    <Field
      component={[Function]}
      label="Site Type"
      name="type"
      options={
        Array [
          Object {
            "text": "Rshiny",
            "value": "rshiny",
          },
          Object {
            "text": "Nbviewer",
            "value": "nbviewer",
          },
        ]
      }
      placeholder="Site Type"
    />
  </div>
  <div>
    <Field
      component={[Function]}
      endText=".datalabs.nerc.ac.uk"
      label="URL Name"
      name="name"
      placeholder="Site Name for URLs"
      startText="http://datalab-"
    />
  </div>
  <div>
    <Field
      component={[Function]}
      label="Data Store to Mount"
      name="volumeMount"
    />
  </div>
  <div>
    <Field
      component={[Function]}
      label="Source Path"
      name="sourcePath"
      placeholder="Source Directory for Site"
      startText="/data/"
    />
  </div>
  <div>
    <Field
      component={[Function]}
      label="Description"
      name="description"
      placeholder="Description"
    />
  </div>
  <withStyles(Button)
    color="primary"
    raised={true}
    style={
      Object {
        "margin": 8,
      }
    }
    type="submit"
  >
    Create
  </withStyles(Button)>
  <withStyles(Button)
    onClick={[Function]}
    raised={true}
    style={
      Object {
        "margin": 8,
      }
    }
  >
    Cancel
  </withStyles(Button)>
</form>
`;
