// Jest Snapshot v1, https://goo.gl/fbAQLP

exports[`Preview SiteCard is a component which passes correct props to StackCards 1`] = `
<WithStyles(StackCard)
  deletePermission="delete"
  openPermission="open"
  stack="expectedStack"
  typeName="site"
  userPermissions={
    Array [
      "open",
      "delete",
    ]
  }
/>
`;
