// Jest Snapshot v1, https://goo.gl/fbAQLP

exports[`Confirmation creates correct snapshot for confirmation dialog 1`] = `
<DatalabModal
  body="Body"
  title="Title"
>
  <withStyles(IconButton)
    icon="clear"
    onClick={[Function]}
  >
    No
  </withStyles(IconButton)>
  <withStyles(IconButton)
    danger={true}
    icon="delete"
    onClick={[Function]}
  >
    Yes
  </withStyles(IconButton)>
</DatalabModal>
`;
