// Jest Snapshot v1, https://goo.gl/fbAQLP

exports[`Confirmation creates correct snapshot for confirmation dialog 1`] = `
<DatalabModal
  body="Body"
  title="Title"
>
  <withStyles(Button)
    className="Confirmation-button-1"
    color="accent"
    onClick={[Function]}
    raised={true}
  >
    No
    <withStyles(Icon)
      className="Confirmation-icon-3"
    >
      clear
    </withStyles(Icon)>
  </withStyles(Button)>
  <withStyles(Button)
    className="Confirmation-buttonDanger-2"
    onClick={[Function]}
    raised={true}
  >
    Yes
    <withStyles(Icon)
      className="Confirmation-icon-3"
    >
      delete
    </withStyles(Icon)>
  </withStyles(Button)>
</DatalabModal>
`;
