// Jest Snapshot v1, https://goo.gl/fbAQLP

exports[`Confirmation creates correct snapshot for create notebook dialog 1`] = `
<Modal
  closeOnDimmerClick={true}
  closeOnDocumentClick={false}
  dimmer="blurring"
  open={true}
  size="large"
>
  <ModalHeader>
    Title
  </ModalHeader>
  <ModalContent>
    <Grid
      divided={true}
    >
      <GridRow>
        <GridColumn
          width={10}
        >
          <ReduxForm
            cancel={[Function]}
            onSubmit={[Function]}
          />
        </GridColumn>
        <GridColumn
          width={6}
        >
          <h2>
            Notebook Preview
          </h2>
          <Connect(PreviewNotebookCard)
            notebook={
              Object {
                "displayName": "Name",
              }
            }
          />
        </GridColumn>
      </GridRow>
    </Grid>
  </ModalContent>
</Modal>
`;
