// Jest Snapshot v1, https://goo.gl/fbAQLP

exports[`Site dialog creates correct snapshot 1`] = `
<withStyles(Dialog)
  maxWidth="md"
  open={true}
>
  <div
    style={
      Object {
        "margin": 10,
      }
    }
  >
    <withStyles(GridWrapper)
      container={true}
    >
      <withStyles(GridWrapper)
        item={true}
      >
        <withStyles(DialogTitle)>
          Title
        </withStyles(DialogTitle)>
        <withStyles(DialogContent)>
          <ReduxForm
            cancel={[Function]}
            onSubmit={[Function]}
          />
        </withStyles(DialogContent)>
      </withStyles(GridWrapper)>
      <withStyles(GridWrapper)
        item={true}
      >
        <withStyles(DialogTitle)>
          Notebook Preview
        </withStyles(DialogTitle)>
        <div
          style={
            Object {
              "margin": "0 auto",
              "width": "90%",
            }
          }
        >
          <Connect(PreviewSiteCard) />
        </div>
      </withStyles(GridWrapper)>
    </withStyles(GridWrapper)>
  </div>
</withStyles(Dialog)>
`;
