// Jest Snapshot v1, https://goo.gl/fbAQLP

exports[`Edit data store dialog creates correct snapshot 1`] = `
<WithStyles(Dialog)
  fullWidth={true}
  maxWidth="md"
  open={true}
>
  <WithStyles(DialogTitle)>
    expectedTitle
  </WithStyles(DialogTitle)>
  <WithStyles(DialogContent)>
    <WithStyles(Typography)
      gutterBottom={true}
      type="subheading"
    >
      Users with access to data store
    </WithStyles(Typography)>
    <PromisedContentWrapper
      promise={
        Object {
          "error": null,
          "fetching": false,
          "value": Array [],
        }
      }
    >
      <WithStyles(DownshiftMultiple)
        addItem={[Function]}
        placeholder="Type user's email address"
        selectedItems={
          Array [
            Object {
              "label": "expectedLabelOne",
              "value": "expectedValueOne",
            },
          ]
        }
        suggestions={
          Array [
            Object {
              "label": "expectedLabelTwo",
              "value": "expectedValueTwo",
            },
          ]
        }
      />
    </PromisedContentWrapper>
  </WithStyles(DialogContent)>
  <WithStyles(DialogActions)>
    <WithStyles(IconButton)
      icon="clear"
      onClick={[Function]}
    >
      Close
    </WithStyles(IconButton)>
  </WithStyles(DialogActions)>
</WithStyles(Dialog)>
`;
