// Jest Snapshot v1, https://goo.gl/fbAQLP

exports[`Message renders correct snapshot 1`] = `
<div>
  <div
    class="Message-message-1"
  >
    <div>
      ErrorOutlineIconMock
    </div>
    <div
      class="Message-text-2"
    >
      React Markdown: Test message
    </div>
    <button
      class="MuiButtonBase-root MuiButton-root MuiButton-text Message-button-4 MuiButton-textSecondary"
      tabindex="0"
      type="button"
    >
      <span
        class="MuiButton-label"
      >
        Dismiss
      </span>
      <span
        class="MuiTouchRipple-root"
      />
    </button>
  </div>
</div>
`;
