// Jest Snapshot v1, https://goo.gl/fbAQLP

exports[`Message renders correct snapshot 1`] = `
<div>
  <div
    class="Message-message-1"
  >
    <div>
      ErrorOutlineIconMock
    </div>
    <div
      class="Message-text-2"
    >
      React Markdown: Test message
    </div>
    <button
      class="MuiButton-root MuiButton-text MuiButton-textSecondary MuiButton-sizeMedium MuiButton-textSizeMedium MuiButtonBase-root Message-button-4 css-93z2bw-MuiButtonBase-root-MuiButton-root"
      tabindex="0"
      type="button"
    >
      Dismiss
      <span
        class="MuiTouchRipple-root css-8je8zh-MuiTouchRipple-root"
      />
    </button>
  </div>
</div>
`;
