// Jest Snapshot v1, https://goo.gl/fbAQLP

exports[`Message renders correct snapshot 1`] = `
<div
  className="Message-message-1"
>
  <ErrorOutlineIcon
    className="Message-icon-3"
  />
  <div
    className="Message-text-2"
  >
    Test message
  </div>
  <WithStyles(ForwardRef(Button))
    color="secondary"
    onClick={[Function]}
  >
    Dismiss
  </WithStyles(ForwardRef(Button))>
</div>
`;
