// Jest Snapshot v1, https://goo.gl/fbAQLP

exports[`DescribeDatalabs renders correct snapshot 1`] = `
<div>
  <div
    class="Navigation-container-1"
  >
    <div
      class="Navigation-appFrame-2"
    >
      Top Bar Mock 
      {"identity":{"expected":"identity"},"userPermissions":["expectedPermission"]}
      <main
        class="Navigation-pageContainer-3"
      >
        MessageBanner Mock
        <span>
          Content
        </span>
      </main>
    </div>
  </div>
</div>
`;
