// Jest Snapshot v1, https://goo.gl/fbAQLP

exports[`SideBarButton correctly passes props to wrapped component 1`] = `
<div>
  <a
    class="MuiButtonBase-root MuiListItem-root MuiListItem-gutters MuiListItem-padding MuiListItem-button SideBarButton-inactive-1 css-1khrr4s-MuiButtonBase-root-MuiListItem-root"
    href="/testendpoint"
    tabindex="0"
  >
    Test Label
    <span
      class="MuiTouchRipple-root css-8je8zh-MuiTouchRipple-root"
    />
  </a>
</div>
`;
