// Jest Snapshot v1, https://goo.gl/fbAQLP

exports[`PureSideBar correctly renders correct snapshot 1`] = `
<div
  className="sideBar"
>
  <WithStyles(ForwardRef(List))
    className="itemList"
  >
    <InfoGroup
      classes={
        Object {
          "itemList": "itemList",
          "sideBar": "sideBar",
        }
      }
      projectKey="project99"
    />
    <AnalysisGroup
      projectKey="project99"
      userPermissions={
        Array [
          "projects:project99:storage:list",
          "projects:project99:stacks:list",
          "projects:project99:settings:list",
        ]
      }
    />
    <MiscGroup
      projectKey="project99"
      userPermissions={
        Array [
          "projects:project99:storage:list",
          "projects:project99:stacks:list",
          "projects:project99:settings:list",
        ]
      }
    />
  </WithStyles(ForwardRef(List))>
</div>
`;

exports[`SideBar renders correctly passing props to children 1`] = `
<SideBar
  classes={
    Object {
      "itemList": "SideBar-itemList-1 itemList",
      "sideBar": "SideBar-sideBar-2 sideBar",
    }
  }
  projectKey={
    Object {
      "error": null,
      "fetching": false,
      "value": "project99",
    }
  }
  userPermissions={
    Array [
      "projects:project99:storage:list",
      "projects:project99:stacks:list",
      "projects:project99:settings:list",
    ]
  }
/>
`;
