// Jest Snapshot v1, https://goo.gl/fbAQLP

exports[`UserIcon renders correct snapshot 1`] = `
<div
  class="UserMenu-container-2"
>
  <div
    class="UserMenu-identity-3"
  >
    <div
      class="MuiAvatar-root MuiAvatar-circular UserMenu-userImage-4 css-1wlk0hk-MuiAvatar-root"
    >
      <img
        class="MuiAvatar-img css-1pqm26d-MuiAvatar-img"
        src="expectedPicture"
      />
    </div>
    <div
      class="UserMenu-userInfo-5"
    >
      <p
        class="MuiTypography-root MuiTypography-body1 css-12gb3o9-MuiTypography-root"
      >
        test nickname
      </p>
      <p
        class="MuiTypography-root MuiTypography-body1 css-12gb3o9-MuiTypography-root"
      >
        test name
      </p>
    </div>
  </div>
  <button
    class="MuiButton-root MuiButton-text MuiButton-textPrimary MuiButton-sizeMedium MuiButton-textSizeMedium MuiButtonBase-root  css-4dagr2-MuiButtonBase-root-MuiButton-root"
    tabindex="0"
    type="button"
  >
    Logout
    <span
      class="MuiTouchRipple-root css-8je8zh-MuiTouchRipple-root"
    />
  </button>
</div>
`;
