// Jest Snapshot v1, https://goo.gl/fbAQLP

exports[`UserIcon renders correct snapshot 1`] = `
<div>
  <WithStyles(ForwardRef(Avatar))
    className="UserIcon-avatar-1"
    onClick={[Function]}
    src="expectedPicture"
  />
  <WithStyles(ForwardRef(Popover))
    anchorEl={null}
    anchorOrigin={
      Object {
        "horizontal": "right",
        "vertical": "bottom",
      }
    }
    onClose={[Function]}
    open={false}
  >
    <WithStyles(UserMenu)
      closePopover={[Function]}
      identity={
        Object {
          "picture": "expectedPicture",
        }
      }
    />
  </WithStyles(ForwardRef(Popover))>
</div>
`;
