// Jest Snapshot v1, https://goo.gl/fbAQLP

exports[`UserMenu renders correct snapshot 1`] = `
<div>
  <div
    class="UserMenu-container-1"
  >
    <div
      class="UserMenu-identity-2"
    >
      <div>
        Avatar mock 
        {"className":"UserMenu-userImage-3","src":"expectedPicture"}
      </div>
      <div
        class="UserMenu-userInfo-4"
      >
        <p
          class="MuiTypography-root MuiTypography-body1 css-12gb3o9-MuiTypography-root"
        >
          expectedNickname
        </p>
        <p
          class="MuiTypography-root MuiTypography-body1 css-12gb3o9-MuiTypography-root"
        >
          expectedName
        </p>
      </div>
    </div>
    <button
      class="MuiButton-root MuiButton-text MuiButton-textPrimary MuiButton-sizeMedium MuiButton-textSizeMedium MuiButtonBase-root  css-4dagr2-MuiButtonBase-root-MuiButton-root"
      tabindex="0"
      type="button"
    >
      Logout
      <span
        class="MuiTouchRipple-root css-8je8zh-MuiTouchRipple-root"
      />
    </button>
  </div>
</div>
`;
