// Jest Snapshot v1, https://goo.gl/fbAQLP

exports[`ClustersContainer renders correct snapshot 1`] = `
<StackCards
  createPermission="projects:current-project:clusters:create"
  openCreationForm={[Function]}
  showCreateButton={true}
  stacks={
    Object {
      "fetching": false,
      "value": Array [
        Object {
          "description": "tcp://dask-scheduler-test-cluster:8786 is the scheduler address.",
          "displayName": "Test Cluster",
          "name": "test-cluster",
          "projectKey": "current-project",
          "schedulerAddress": "tcp://dask-scheduler-test-cluster:8786",
          "type": "DASK",
        },
      ],
    }
  }
  typeName="Cluster"
  typeNamePlural="Clusters"
  userPermissions={[Function]}
/>
`;
