// Jest Snapshot v1, https://goo.gl/fbAQLP

exports[`ClustersContainer renders correct snapshot 1`] = `
<div>
  <StackCards
    copySnippet={[Function]}
    createPermission="projects:current-project:clusters:create"
    deletePermission="projects:current-project:clusters:delete"
    deleteStack={[Function]}
    editPermission="projects:current-project:clusters:edit"
    openCreationForm={[Function]}
    openPermission="projects:current-project:clusters:open"
    showCreateButton={true}
    stacks={
      Object {
        "fetching": false,
        "value": Array [
          Object {
            "description": "tcp://dask-scheduler-testcluster:8786 is the scheduler address.",
            "displayName": "Test Cluster",
            "name": "testcluster",
            "schedulerAddress": "tcp://dask-scheduler-testcluster:8786",
            "type": "DASK",
          },
        ],
      }
    }
    typeName="Cluster"
    typeNamePlural="Clusters"
    userPermissions={[Function]}
  />
</div>
`;

exports[`getDialogProps returns object of props matching snapshot 1`] = `
Object {
  "clusterMaxWorkers": Object {
    "default": 4,
    "lowerLimit": 1,
    "upperLimit": 8,
  },
  "dataStorageOptions": Array [],
  "formName": "createCluster",
  "onCancel": [Function],
  "onSubmit": [Function],
  "title": "Create Cluster",
  "workerMaxCpu": Object {
    "default": 0.5,
    "lowerLimit": 0.5,
    "upperLimit": 2,
  },
  "workerMaxMemory": Object {
    "default": 4,
    "lowerLimit": 0.5,
    "upperLimit": 8,
  },
}
`;
