// Jest Snapshot v1, https://goo.gl/fbAQLP

exports[`Get Permissions generated permissions should match snapshot 1`] = `
Array [
  "projects:firstProjectKey:stacks:create",
  "projects:firstProjectKey:stacks:delete",
  "projects:firstProjectKey:stacks:list",
  "projects:firstProjectKey:stacks:open",
  "projects:firstProjectKey:stacks:edit",
  "projects:firstProjectKey:storage:create",
  "projects:firstProjectKey:storage:delete",
  "projects:firstProjectKey:storage:list",
  "projects:firstProjectKey:storage:open",
  "projects:firstProjectKey:storage:edit",
  "projects:firstProjectKey:users:list",
  "projects:firstProjectKey:users:read",
  "projects:firstProjectKey:settings:list",
  "projects:firstProjectKey:settings:read",
  "projects:firstProjectKey:settings:edit",
  "projects:firstProjectKey:permissions:read",
  "projects:firstProjectKey:permissions:create",
  "projects:firstProjectKey:permissions:delete",
  "projects:firstProjectKey:projects:edit",
  "projects:firstProjectKey:projects:read",
  "projects:secondProjectKey:stacks:create",
  "projects:secondProjectKey:stacks:delete",
  "projects:secondProjectKey:stacks:list",
  "projects:secondProjectKey:stacks:open",
  "projects:secondProjectKey:stacks:edit",
  "projects:secondProjectKey:storage:list",
  "projects:secondProjectKey:storage:open",
  "projects:secondProjectKey:projects:read",
  "projects:thirdProjectKey:stacks:list",
  "projects:thirdProjectKey:stacks:open",
  "projects:thirdProjectKey:projects:read",
  "system:instance:admin",
]
`;

exports[`Get Permissions should return permissions for known roles only 1`] = `
Array [
  "projects:firstProjectKey:stacks:list",
  "projects:firstProjectKey:stacks:open",
  "projects:firstProjectKey:projects:read",
]
`;
