// Jest Snapshot v1, https://goo.gl/fbAQLP

exports[`Sidebar correctly renders correct snapshot 1`] = `
<withStyles(Drawer)
  classes={
    Object {
      "paper": "SideBar-drawerPaper-2",
    }
  }
  type="permanent"
>
  <header
    className="SideBar-header-1"
  >
    <img
      alt="datalabs-logo"
      className="SideBar-logo-3"
      src="datalabs-hori.png"
    />
  </header>
  <withStyles(List)>
    <withStyles(Link)
      icon="dashboard"
      label="Dashboard"
      to="/"
    />
    <withStyles(SideBarSubheader)>
      Data
    </withStyles(SideBarSubheader)>
    <withStyles(Link)
      icon="storage"
      label="Storage"
      to="/storage"
    />
    <withStyles(SideBarSubheader)>
      Analysis
    </withStyles(SideBarSubheader)>
    <withStyles(Link)
      icon="book"
      label="Notebooks"
      to="/notebooks"
    />
    <withStyles(Link)
      icon="apps"
      label="Dask"
      onClick={[Function]}
    />
    <withStyles(SideBarSubheader)>
      Publish
    </withStyles(SideBarSubheader)>
    <withStyles(Link)
      icon="web"
      label="Sites"
      to="/publishing"
    />
    <withStyles(Divider) />
    <withStyles(Link)
      icon="help_outline"
      label="Help"
      onClick={[Function]}
    />
  </withStyles(List)>
</withStyles(Drawer)>
`;
