// Jest Snapshot v1, https://goo.gl/fbAQLP

exports[`Sidebar correctly renders correct snapshot 1`] = `
<withStyles(Drawer)
  classes={
    Object {
      "paper": "SideBar-drawerPaper-2",
    }
  }
  type="permanent"
>
  <header
    className="SideBar-header-1"
  >
    <img
      alt="datalabs-logo"
      className="SideBar-logo-3"
      src="datalabs-hori.png"
    />
  </header>
  <withStyles(List)
    className="SideBar-drawerList-4"
  >
    <withStyles(Link)
      icon="dashboard"
      label="Dashboard"
      to="/"
    />
    <ComponentWrapper
      permission="project:storage:list"
      userPermissions={
        Array [
          "project:storage:list",
          "project:stacks:list",
        ]
      }
    >
      <withStyles(SideBarSubheader)>
        Data
      </withStyles(SideBarSubheader)>
      <withStyles(Link)
        icon="storage"
        label="Storage"
        to="/storage"
      />
    </ComponentWrapper>
    <withStyles(SideBarSubheader)>
      Analysis
    </withStyles(SideBarSubheader)>
    <ComponentWrapper
      permission="project:stacks:list"
      userPermissions={
        Array [
          "project:storage:list",
          "project:stacks:list",
        ]
      }
    >
      <withStyles(Link)
        icon="book"
        label="Notebooks"
        to="/notebooks"
      />
    </ComponentWrapper>
    <withStyles(Link)
      icon="apps"
      label="Dask"
      to="/dask"
    />
    <withStyles(Link)
      icon="apps"
      label="Spark"
      to="/spark"
    />
    <ComponentWrapper
      permission="project:stacks:list"
      userPermissions={
        Array [
          "project:storage:list",
          "project:stacks:list",
        ]
      }
    >
      <withStyles(SideBarSubheader)>
        Publish
      </withStyles(SideBarSubheader)>
      <withStyles(Link)
        icon="web"
        label="Sites"
        to="/publishing"
      />
    </ComponentWrapper>
    <div
      className="SideBar-spacer-5"
    />
    <withStyles(Divider) />
    <withStyles(Link)
      icon="question_answer"
      label="Discourse"
      onClick={[Function]}
    />
    <withStyles(Link)
      icon="message"
      label="Slack"
      onClick={[Function]}
    />
    <withStyles(Link)
      icon="help_outline"
      label="Help"
      onClick={[Function]}
    />
  </withStyles(List)>
</withStyles(Drawer)>
`;
