// Jest Snapshot v1, https://goo.gl/fbAQLP

exports[`Topbar correctly renders correct snapshot 1`] = `
<WithStyles(AppBar)
  position="fixed"
>
  <WithStyles(Toolbar)>
    <div
      style={
        Object {
          "flex": 1,
        }
      }
    />
    <UserIcon
      identity={
        Object {
          "expected": "identity",
          "picture": "expectedUrl",
        }
      }
    />
  </WithStyles(Toolbar)>
</WithStyles(AppBar)>
`;
