// Jest Snapshot v1, https://goo.gl/fbAQLP

exports[`Topbar correctly renders correct snapshot 1`] = `
<withStyles(AppBar)
  position="fixed"
>
  <withStyles(Toolbar)>
    <div
      style={
        Object {
          "flex": 1,
        }
      }
    />
    <withStyles(Button)
      color="primary"
      onClick={[Function]}
      raised={true}
    >
      Logout
    </withStyles(Button)>
  </withStyles(Toolbar)>
</withStyles(AppBar)>
`;
