// Jest Snapshot v1, https://goo.gl/fbAQLP

exports[`PaginationControls renders with children in correct order 1`] = `
<div>
  <div
    class="makeStyles-paginationControlsContainer-1"
  >
    PaginationControlButton Mock 
    {"id":"previous-page","disabled":true}
    <div
      class="makeStyles-controlText-2"
      id="page-text"
    >
      Page
    </div>
    PaginationControlTextField Mock 
    {"pageInputValue":1}
    <div
      class="makeStyles-controlText-2"
    >
      of 
      5
    </div>
    PaginationControlButton Mock 
    {"id":"next-page","disabled":false}
  </div>
</div>
`;
