// Jest Snapshot v1, https://goo.gl/fbAQLP

exports[`PaginationControlTextField renders with the provided pageInputValue as the value 1`] = `
<div>
  <div
    class="MuiFormControl-root MuiFormControl-marginDense MuiTextField-root makeStyles-pageNumberInput-1 css-4mzek5-MuiFormControl-root-MuiTextField-root"
  >
    <div
      class="MuiOutlinedInput-root MuiInputBase-root MuiInputBase-colorPrimary MuiInputBase-formControl MuiInputBase-sizeSmall css-xwwn4r-MuiInputBase-root-MuiOutlinedInput-root"
    >
      <input
        aria-invalid="false"
        class="MuiOutlinedInput-input MuiInputBase-input MuiInputBase-inputSizeSmall css-1n4twyu-MuiInputBase-input-MuiOutlinedInput-input"
        id="mui-1"
        style="text-align: center; padding: 5px;"
        type="text"
        value="5"
      />
      <fieldset
        aria-hidden="true"
        class="MuiOutlinedInput-notchedOutline css-1d3z3hw-MuiOutlinedInput-notchedOutline"
      >
        <legend
          class="css-nnbavb"
        >
          <span
            class="notranslate"
          >
            ​
          </span>
        </legend>
      </fieldset>
    </div>
  </div>
</div>
`;
