// Jest Snapshot v1, https://goo.gl/fbAQLP

exports[`StackCardActions creates correct snapshot 1`] = `
<div
  className="StackCardActions-cardActions-1"
>
  <ComponentWrapper
    className="StackCardActions-buttonWrapper-2"
    permission="open"
    userPermissions={
      Array [
        "open",
        "delete",
        "edit",
      ]
    }
  >
    <PrimaryActionButton
      disabled={false}
      fullWidth={true}
      onClick={[Function]}
    >
      Open
    </PrimaryActionButton>
  </ComponentWrapper>
  <ComponentWrapper
    className="StackCardActions-buttonWrapper-2"
    permission="delete"
    userPermissions={
      Array [
        "open",
        "delete",
        "edit",
      ]
    }
  >
    <SecondaryActionButton
      disabled={false}
      fullWidth={true}
      onClick={[Function]}
    >
      Delete
    </SecondaryActionButton>
  </ComponentWrapper>
  <ComponentWrapper
    className="StackCardActions-buttonWrapper-2"
    permission="edit"
    userPermissions={
      Array [
        "open",
        "delete",
        "edit",
      ]
    }
  >
    <SecondaryActionButton
      disabled={false}
      fullWidth={true}
      onClick={[Function]}
    >
      Edit
    </SecondaryActionButton>
  </ComponentWrapper>
</div>
`;
