// Jest Snapshot v1, https://goo.gl/fbAQLP

exports[`CreateDataStoreForm creates correct snapshot for create Data Store Form 1`] = `
<form>
  <div>
    <Field
      component={[Function]}
      label="Display Name"
      name="displayName"
      placeholder="Display Name"
    />
  </div>
  <div>
    <Field
      component={[Function]}
      label="Storage Type"
      name="type"
      options={
        Object {
          "NFS": Object {
            "text": "NFS",
            "value": "NFS",
          },
        }
      }
      placeholder="Storage Type"
    />
  </div>
  <div>
    <Field
      InputProps={
        Object {
          "inputProps": Object {
            "max": 200,
            "min": 5,
          },
        }
      }
      component={[Function]}
      label="Storage Size (GB)"
      name="volumeSize"
      parse={[Function]}
      placeholder="GB"
      type="number"
    />
  </div>
  <div>
    <Field
      component={[Function]}
      label="Internal Name"
      name="name"
      placeholder="Internal Name"
    />
  </div>
  <div>
    <Field
      component={[Function]}
      label="Description"
      name="description"
      placeholder="Description"
    />
  </div>
  <CreateFormControls
    fullWidthButtons={true}
    onCancel={[MockFunction]}
  />
</form>
`;
