// Jest Snapshot v1, https://goo.gl/fbAQLP

exports[`CreateDataStoreForm creates correct snapshot for create Data Store Form 1`] = `
<div>
  <form>
    <div>
      <div>
        Field mock 
        {"name":"displayName","label":"Display Name","placeholder":"Display Name"}
      </div>
    </div>
    <div>
      <div>
        Field mock 
        {"name":"type","label":"Storage Type","placeholder":"Storage Type","options":{"NFS":{"text":"NFS","value":"NFS"}}}
      </div>
    </div>
    <div>
      <div>
        Field mock 
        {"name":"volumeSize","label":"Storage Size (GB)","placeholder":"GB","type":"number","InputProps":{"inputProps":{"min":5,"max":200}}}
      </div>
    </div>
    <div>
      <div>
        Field mock 
        {"name":"name","label":"Internal Name","placeholder":"Internal Name"}
      </div>
    </div>
    <div>
      <div>
        Field mock 
        {"name":"description","label":"Description","placeholder":"Description"}
      </div>
    </div>
    <div
      class="makeStyles-fromControlContainer-1"
    >
      <button
        class="MuiButton-root MuiButton-outlined MuiButton-outlinedPrimary MuiButton-sizeMedium MuiButton-outlinedSizeMedium MuiButton-fullWidth MuiButtonBase-root  css-1xb5c10-MuiButtonBase-root-MuiButton-root"
        tabindex="0"
        type="submit"
      >
        Create
        <span
          class="MuiTouchRipple-root css-8je8zh-MuiTouchRipple-root"
        />
      </button>
      <button
        class="MuiButton-root MuiButton-outlined MuiButton-outlinedSecondary MuiButton-sizeMedium MuiButton-outlinedSizeMedium MuiButton-fullWidth MuiButtonBase-root  css-1gfot13-MuiButtonBase-root-MuiButton-root"
        style="margin-left: 5px;"
        tabindex="0"
        type="button"
      >
        Cancel
        <span
          class="MuiTouchRipple-root css-8je8zh-MuiTouchRipple-root"
        />
      </button>
    </div>
  </form>
</div>
`;
