// Jest Snapshot v1, https://goo.gl/fbAQLP

exports[`EditDataStoreForm renders to match snapshot 1`] = `
<div>
  <form>
    <div>
      Field mock 
      {"name":"displayName","label":"Display Name"}
    </div>
    <div>
      Field mock 
      {"name":"description","label":"Description"}
    </div>
    <div>
      Field mock 
      {"name":"users","label":"Users with access to data store","placeholder":"Type user's email address","selectedTip":"User has access","options":[{"label":"User 1","value":"user1"},{"label":"User 2","value":"user2"}],"loading":false}
    </div>
    <div
      class="makeStyles-fromControlContainer-1"
    >
      <span
        aria-label="No changes to apply"
        class="makeStyles-button-2"
        data-mui-internal-clone-element="true"
      >
        <button
          class="MuiButton-root MuiButton-outlined MuiButton-outlinedPrimary MuiButton-sizeMedium MuiButton-outlinedSizeMedium MuiButtonBase-root Mui-disabled  css-o0h1hg-MuiButtonBase-root-MuiButton-root"
          disabled=""
          tabindex="-1"
          type="submit"
        >
          Apply
        </button>
      </span>
      <span
        aria-label="No changes to clear"
        class="makeStyles-button-2"
        data-mui-internal-clone-element="true"
      >
        <button
          class="MuiButton-root MuiButton-outlined MuiButton-outlinedSecondary MuiButton-sizeMedium MuiButton-outlinedSizeMedium MuiButtonBase-root Mui-disabled  css-4eo762-MuiButtonBase-root-MuiButton-root"
          disabled=""
          tabindex="-1"
          type="button"
        >
          Clear Changes
        </button>
      </span>
      <button
        class="MuiButton-root MuiButton-outlined MuiButton-outlinedSecondary MuiButton-sizeMedium MuiButton-outlinedSizeMedium MuiButtonBase-root makeStyles-button-2 css-4eo762-MuiButtonBase-root-MuiButton-root"
        tabindex="0"
        type="button"
      >
        Cancel
        <span
          class="MuiTouchRipple-root css-8je8zh-MuiTouchRipple-root"
        />
      </button>
    </div>
  </form>
</div>
`;
