// Jest Snapshot v1, https://goo.gl/fbAQLP

exports[`AdminResourcesContainer renders correctly passing correct props to children 1`] = `
<Fragment>
  <ProjectMultiSelect
    input={
      Object {
        "onChange": [Function],
        "value": Array [],
      }
    }
  />
  <div
    className="makeStyles-root-1"
  >
    <span
      className="makeStyles-root-2"
    >
      Show
    </span>
    <WithStyles(ForwardRef(FormControlLabel))
      control={
        <WithStyles(ForwardRef(Checkbox))
          checked={true}
          color="primary"
          name="notebooks"
          onChange={[Function]}
        />
      }
      label="Notebooks"
    />
    <WithStyles(ForwardRef(FormControlLabel))
      control={
        <WithStyles(ForwardRef(Checkbox))
          checked={true}
          color="primary"
          name="sites"
          onChange={[Function]}
        />
      }
      label="Sites"
    />
    <WithStyles(ForwardRef(FormControlLabel))
      control={
        <WithStyles(ForwardRef(Checkbox))
          checked={true}
          color="primary"
          name="clusters"
          onChange={[Function]}
        />
      }
      label="Clusters"
    />
    <WithStyles(ForwardRef(FormControlLabel))
      control={
        <WithStyles(ForwardRef(Checkbox))
          checked={true}
          color="primary"
          name="storage"
          onChange={[Function]}
        />
      }
      label="Storage"
    />
  </div>
  <div>
    <PromisedContentWrapper
      fetchingClassName="makeStyles-root-3"
      promise={
        Object {
          "fetching": false,
          "value": Array [
            Object {
              "key": "testproj1",
              "name": "Test Project 1",
            },
            Object {
              "key": "testproj2",
              "name": "Test Project 2",
            },
          ],
        }
      }
    >
      <Pagination
        items={
          Array [
            <mockConstructor
              project={
                Object {
                  "key": "testproj1",
                  "name": "Test Project 1",
                }
              }
              show={
                Object {
                  "clusters": true,
                  "notebooks": true,
                  "sites": true,
                  "storage": true,
                }
              }
            />,
            <mockConstructor
              project={
                Object {
                  "key": "testproj2",
                  "name": "Test Project 2",
                }
              }
              show={
                Object {
                  "clusters": true,
                  "notebooks": true,
                  "sites": true,
                  "storage": true,
                }
              }
            />,
          ]
        }
        itemsName="Projects"
        itemsPerPage={5}
      />
    </PromisedContentWrapper>
  </div>
</Fragment>
`;
