// Jest Snapshot v1, https://goo.gl/fbAQLP

exports[`ProjectStorage renders to match snapshot passing correct props to children 1`] = `
<WithStyles(WithStyles(ForwardRef(ExpansionPanel)))
  defaultExpanded={true}
>
  <WithStyles(WithStyles(ForwardRef(ExpansionPanelSummary)))
    expandIcon={<Memo(ExpandMoreIcon) />}
  >
    <WithStyles(ForwardRef(Typography))
      variant="h6"
    >
      Storage
    </WithStyles(ForwardRef(Typography))>
  </WithStyles(WithStyles(ForwardRef(ExpansionPanelSummary)))>
  <WithStyles(WithStyles(ForwardRef(ExpansionPanelDetails)))>
    <Connect(DataStorageContainer)
      projectKey="testproj"
    />
  </WithStyles(WithStyles(ForwardRef(ExpansionPanelDetails)))>
</WithStyles(WithStyles(ForwardRef(ExpansionPanel)))>
`;
