// Jest Snapshot v1, https://goo.gl/fbAQLP

exports[`RoutePermissionWrapper render correct snapshot 1`] = `
<Route
  exact={true}
  path="/"
>
  <WithStyles(ForwardRef(CircularProgress)) />
</Route>
`;

exports[`RoutePermissionWrapper renders redirect when permissions do not match and redirectTo supplied 1`] = `
<Redirect
  to="redirect/to/this/path"
/>
`;
