// Jest Snapshot v1, https://goo.gl/fbAQLP

exports[`clusterService createCluster should build the correct mutation and unpack the results 1`] = `
"
    CreateCluster($cluster: ClusterCreationRequest!) {
      createCluster(cluster: $cluster) {
        id
      }
    }
  "
`;

exports[`clusterService loadClusters should build the correct query and unpack the results 1`] = `
"
    LoadClusters($projectKey: String!) {
      clusters(projectKey: $projectKey) {
        id
        type
        projectKey
        name
        displayName
        schedulerAddress
      }
    }
  "
`;
