// Jest Snapshot v1, https://goo.gl/fbAQLP

exports[`dataStorageService addUserToDataStore should build the correct correct mutation and unpack the results 1`] = `
"
    AddUserToDataStore($projectKey: String!, $dataStore:  DataStorageUpdateRequest) {
      addUserToDataStore(projectKey: $projectKey, dataStore: $dataStore) {
        name
      }
    }"
`;

exports[`dataStorageService createDataStore should build the correct correct mutation and unpack the results 1`] = `
"
    CreateDataStore($projectKey: String!, $dataStore:  DataStorageCreationRequest) {
      createDataStore(projectKey: $projectKey, dataStore: $dataStore) {
        name
      }
    }"
`;

exports[`dataStorageService deleteDataStore should build the correct correct mutation and unpack the results 1`] = `
"
    DeleteDataStore($projectKey: String!, $dataStore: DataStorageUpdateRequest) {
      deleteDataStore(projectKey: $projectKey, dataStore: $dataStore) {
        name
      }
    }"
`;

exports[`dataStorageService editDataStoreDetails should build the correct correct mutation and unpack the results 1`] = `
"
    UpdateDataStoreDetails($projectKey: String!, $name: String!, $updatedDetails: DataStorageDetailsUpdateRequest) {
      updateDataStoreDetails(projectKey: $projectKey, name: $name, updatedDetails: $updatedDetails) {
        displayName
        description
      }
    }"
`;

exports[`dataStorageService getCredentials should build the correct query and return the minio credentials 1`] = `
"
    GetCredentials($projectKey: String!, $id: ID!) {
      dataStore(projectKey: $projectKey, id: $id) {
        url, accessKey
      }
    }"
`;

exports[`dataStorageService loadDataStorage should build the correct query and unpack the results 1`] = `
"
    DataStorage($projectKey: String!) {
      dataStorage(projectKey: $projectKey) {
         id, name, displayName, description, type, stacksMountingStore { id }, status, users
      }
    }"
`;

exports[`dataStorageService removeUserFromDataStore should build the correct correct mutation and unpack the results 1`] = `
"
    RemoveUserFromDataStore($projectKey: String!, $dataStore:  DataStorageUpdateRequest) {
      removeUserFromDataStore(projectKey: $projectKey, dataStore: $dataStore) {
        name
      }
    }"
`;
