// Jest Snapshot v1, https://goo.gl/fbAQLP

exports[`internalNameCheckerService checkNameUniqueness should build the correct query and unpack the results 1`] = `
"
    CheckInternalName($projectKey: String!, $name: String!) {
      checkNameUniqueness(projectKey: $projectKey, name: $name)
    }"
`;
