// Jest Snapshot v1, https://goo.gl/fbAQLP

exports[`projectSettingsService addProjectUserPermission should build correct query and unpack the result 1`] = `
"
    AddProjectPermission($permission: PermissionAddRequest) {
      addProjectPermission(permission: $permission) { 
        projectKey, role
      }
    }"
`;

exports[`projectSettingsService getProjectUsers should build correct query and unpack the result 1`] = `
"
    GetProjectUsers($projectKey: String!) {
      project(projectKey: $projectKey) {
        projectUsers { 
          userId, name, role
        },
      }
    }"
`;

exports[`projectSettingsService removeProjectPermission should build correct query and unpack the result 1`] = `
"
    RemoveProjectPermission($permission: PermissionRemoveRequest) {
      removeProjectPermission(permission: $permission)
    }"
`;
