// Jest Snapshot v1, https://goo.gl/fbAQLP

exports[`projectsService checkProjectKeyUniqueness should build the correct query and unpack the results 1`] = `
"
    CheckProjectKeyUniqueness($projectKey: String!) {
      checkProjectKeyUniqueness(projectKey: $projectKey)
    }"
`;

exports[`projectsService createProject should build the correct query and unpack the results 1`] = `
"
    CreateProject($project: ProjectCreationRequest) {
      createProject(project: $project) { id }
    }"
`;

exports[`projectsService deleteProject should build the correct query and unpack the results 1`] = `
"
    DeleteProject($project: ProjectDeletionRequest) {
      deleteProject(project: $project)
    }"
`;

exports[`projectsService loadProjectInfo should build the correct query and unpack the results 1`] = `
"
    LoadProjectInfo($projectKey: String!) {
      project(projectKey: $projectKey) {
        id, key, name, description
      }
    }"
`;

exports[`projectsService loadProjects should build the correct query and unpack the results 1`] = `
"
    LoadProjects {
      projects {
        id, key, name, description, accessible
      }
    }"
`;
