// Jest Snapshot v1, https://goo.gl/fbAQLP

exports[`projectsService loadProjectInfo should build the correct query and unpack the results 1`] = `
"
    LoadProjectInfo($projectKey: String!) {
      project(projectKey: $projectKey) {
        id, key, name, description
      }
    }"
`;

exports[`projectsService loadProjects should build the correct query and unpack the results 1`] = `
"
    LoadProjects {
      projects {
        id, key, name, description, accessible
      }
    }"
`;
