// Jest Snapshot v1, https://goo.gl/fbAQLP

exports[`rolesService getAllUsersAndRoles should build the correct query and unpack the results 1`] = `
"
    GetAllUsersAndRoles {
      allUsersAndRoles { 
        userId,
        name,
        instanceAdmin,
        dataManager,
        catalogueRole,
        projectRoles {
          projectKey,
          role
        }
      }
    }"
`;

exports[`rolesService setCatalogueRole should build the correct query and unpack the results 1`] = `
"
    SetCatalogueRole($userId: ID!, $catalogueRole: CatalogueRole!) {
      setCatalogueRole(userId: $userId, catalogueRole: $catalogueRole) {
        userId,
        catalogueRole
      }
    }"
`;

exports[`rolesService setDataManager should build the correct query and unpack the results 1`] = `
"
    SetDataManager($userId: ID!, $dataManager: Boolean!) {
      setDataManager(userId: $userId, dataManager: $dataManager) {
        userId,
        dataManager
      }
    }"
`;

exports[`rolesService setInstanceAdmin should build the correct query and unpack the results 1`] = `
"
    SetInstanceAdmin($userId: ID!, $instanceAdmin: Boolean!) {
      setInstanceAdmin(userId: $userId, instanceAdmin: $instanceAdmin) {
        userId,
        instanceAdmin
      }
    }"
`;
