// Jest Snapshot v1, https://goo.gl/fbAQLP

exports[`NotebooksContainer is a container which passes correct props to NotebookCard 1`] = `
<div
  className="ui card"
>
  <NewNotebookButton
    onClick={[Function]}
  />
  <Modal
    closeOnDimmerClick={true}
    closeOnDocumentClick={false}
    dimmer="blurring"
    open={true}
  >
    <ModalHeader>
      Create a Notebook
    </ModalHeader>
    <ModalContent>
      <Grid
        columns={2}
        divided={true}
      >
        <GridRow>
          <GridColumn>
            <ReduxForm
              cancel={[Function]}
              onSubmit={[Function]}
            />
          </GridColumn>
          <GridColumn>
            <h2>
              Notebook Preview
            </h2>
            <NotebookCard
              notebook={
                Object {
                  "name": "Name",
                }
              }
            />
          </GridColumn>
        </GridRow>
      </Grid>
    </ModalContent>
  </Modal>
</div>
`;
