// Jest Snapshot v1, https://goo.gl/fbAQLP

exports[`NotebooksContainer is a container which passes correct props to NotebookButton 1`] = `
<div>
  <NotebookButton
    notebook={
      Object {
        "displayName": "name1",
        "token": "token1",
        "type": "type1",
        "url": "url1",
      }
    }
    openNotebook={[Function]}
  />
  <NotebookButton
    notebook={
      Object {
        "displayName": "name2",
        "token": "token2",
        "type": "type2",
        "url": "url2",
      }
    }
    openNotebook={[Function]}
  />
</div>
`;
