// Jest Snapshot v1, https://goo.gl/fbAQLP

exports[`AdminNavigationContainer renders to match snapshot passing correct props to children 1`] = `
<div>
  <div
    class="SideBarNavigation-projectNavigation-1"
  >
    <div
      class="AdminSideBar-sideBar-4"
    >
      <ul
        class="MuiList-root MuiList-padding AdminSideBar-itemList-3 css-h4y409-MuiList-root"
      >
        <div
          class="SideBarGroup-sidebarGroup-5"
        >
          <h6
            class="MuiTypography-root MuiTypography-h6 SideBarGroup-title-6 css-161uzub-MuiTypography-root"
          >
            Administration
          </h6>
          <a
            class="MuiButtonBase-root MuiListItem-root MuiListItem-gutters MuiListItem-padding MuiListItem-button SideBarButton-inactive-7 css-1khrr4s-MuiButtonBase-root-MuiListItem-root"
            href="/admin/resources"
            tabindex="0"
          >
            <div
              class="MuiListItemIcon-root Link-listIcon-9 css-cveggr-MuiListItemIcon-root"
            >
              <span
                aria-hidden="true"
                class="material-icons notranslate MuiIcon-root MuiIcon-fontSizeMedium css-kp9ftd-MuiIcon-root"
              >
                dashboard
              </span>
            </div>
            Resources
            <span
              class="MuiTouchRipple-root css-8je8zh-MuiTouchRipple-root"
            />
          </a>
          <a
            class="MuiButtonBase-root MuiListItem-root MuiListItem-gutters MuiListItem-padding MuiListItem-button SideBarButton-inactive-7 css-1khrr4s-MuiButtonBase-root-MuiListItem-root"
            href="/admin/users"
            tabindex="0"
          >
            <div
              class="MuiListItemIcon-root Link-listIcon-9 css-cveggr-MuiListItemIcon-root"
            >
              <span
                aria-hidden="true"
                class="material-icons notranslate MuiIcon-root MuiIcon-fontSizeMedium css-kp9ftd-MuiIcon-root"
              >
                people
              </span>
            </div>
            Users
            <span
              class="MuiTouchRipple-root css-8je8zh-MuiTouchRipple-root"
            />
          </a>
          <a
            class="MuiButtonBase-root MuiListItem-root MuiListItem-gutters MuiListItem-padding MuiListItem-button SideBarButton-inactive-7 css-1khrr4s-MuiButtonBase-root-MuiListItem-root"
            href="/admin/messages"
            tabindex="0"
          >
            <div
              class="MuiListItemIcon-root Link-listIcon-9 css-cveggr-MuiListItemIcon-root"
            >
              <span
                aria-hidden="true"
                class="material-icons notranslate MuiIcon-root MuiIcon-fontSizeMedium css-kp9ftd-MuiIcon-root"
              >
                notifications
              </span>
            </div>
            Messages
            <span
              class="MuiTouchRipple-root css-8je8zh-MuiTouchRipple-root"
            />
          </a>
        </div>
      </ul>
    </div>
    <div
      class="SideBarNavigation-contentArea-2"
    >
      <div
        class="Page-pageTemplate-10"
      >
        <h4
          class="MuiTypography-root MuiTypography-h4 Page-title-12 css-1yqx3hy-MuiTypography-root"
        >
          404 – Page Not Found
        </h4>
        <div
          class="Page-contentArea-11"
        >
          <p
            class="MuiTypography-root MuiTypography-body1 css-12gb3o9-MuiTypography-root"
          >
            <a
              href="/"
            >
              Go to homepage
            </a>
          </p>
        </div>
        <div>
          Footer mock
        </div>
      </div>
    </div>
  </div>
</div>
`;
