// Jest Snapshot v1, https://goo.gl/fbAQLP

exports[`PureProjectNavigationContainer renders correct snapshot passing props onto children 1`] = `
<div>
  <div
    class="SideBarNavigation-projectNavigation-1"
  >
    <div>
      ProjectSideBar mock 
      {}
    </div>
    <div
      class="SideBarNavigation-contentArea-2"
    >
      <div>
        ProjectInfoPage mock 
        {}
      </div>
    </div>
  </div>
</div>
`;
