// Jest Snapshot v1, https://goo.gl/fbAQLP

exports[`ProjectNavigationContainer renders to match snapshot passing correct project to children 1`] = `
<PureProjectNavigationContainer
  dispatch={[MockFunction dispatch]}
  match={
    Object {
      "params": Object {
        "projectKey": "testproj",
      },
      "path": "projects/:projectKey",
    }
  }
  projectKey={
    Object {
      "error": null,
      "fetching": false,
      "value": "testproj",
    }
  }
  promisedUserPermissions={
    Object {
      "error": null,
      "fetching": false,
      "value": Array [
        "projects:testproj:projects:read",
      ],
    }
  }
/>
`;

exports[`PureProjectNavigationContainer renders correct snapshot passing props onto children 1`] = `
<WithStyles(SideBarNavigation)
  sideBar={
    <ForwardRef(WithStyles)
      userPermissions={
        Array [
          "projects:testproj:projects:read",
        ]
      }
    />
  }
>
  <Switch>
    <Route
      component={[Function]}
      exact={true}
      path="projects/:projectKey/info"
    />
    <RoutePermissionWrapper
      component={[Function]}
      exact={true}
      path="projects/:projectKey/storage"
      permission="projects:testproj:storage:list"
      promisedUserPermissions={
        Object {
          "error": null,
          "fetching": false,
          "value": Array [
            "projects:testproj:projects:read",
          ],
        }
      }
      redirectTo="projects/testproj/info"
    />
    <RoutePermissionWrapper
      component={[Function]}
      exact={true}
      path="projects/:projectKey/notebooks"
      permission="projects:testproj:stacks:list"
      promisedUserPermissions={
        Object {
          "error": null,
          "fetching": false,
          "value": Array [
            "projects:testproj:projects:read",
          ],
        }
      }
      redirectTo="projects/testproj/info"
    />
    <RoutePermissionWrapper
      component={[Function]}
      exact={true}
      path="projects/:projectKey/publishing"
      permission="projects:testproj:stacks:list"
      promisedUserPermissions={
        Object {
          "error": null,
          "fetching": false,
          "value": Array [
            "projects:testproj:projects:read",
          ],
        }
      }
      redirectTo="projects/testproj/info"
    />
    <RoutePermissionWrapper
      component={[Function]}
      exact={true}
      path="projects/:projectKey/settings"
      permission="projects:testproj:settings:list"
      promisedUserPermissions={
        Object {
          "error": null,
          "fetching": false,
          "value": Array [
            "projects:testproj:projects:read",
          ],
        }
      }
      redirectTo="projects/testproj/info"
    />
    <Route
      component={[Function]}
      exact={true}
      path="projects/:projectKey/dask"
    />
    <Route
      component={[Function]}
      exact={true}
      path="projects/:projectKey/spark"
    />
    <Route
      component={[Function]}
    />
  </Switch>
</WithStyles(SideBarNavigation)>
`;

exports[`PureProjectNavigationContainer should redirect if there is an error getting the project key 1`] = `
<Redirect
  to="/projects"
/>
`;

exports[`PureProjectNavigationContainer should redirect if user does not have read permission on project 1`] = `
<Redirect
  to="/projects"
/>
`;
